2026-09-10 19:37:59,394 INFO [运行/开始] 脚本=/private/tmp/dojo-integrated-acceptance/platform/projects/812a943bb9f44a9aaaed8174460f1e01/tasks/34536dbd953c42c29721c3d6eabe3685/.dojo/executions/db03b4b6a77c4e1899f77cee62ca2dd8/code/pipeline.py；运行目录=/private/tmp/dojo-integrated-acceptance/platform/projects/812a943bb9f44a9aaaed8174460f1e01/tasks/34536dbd953c42c29721c3d6eabe3685/runs/db03b4b6a77c4e1899f77cee62ca2dd8；生效配置=inputs/config.yaml
2026-09-10 19:37:59,394 INFO [trainprep/阶段/开始] 
2026-09-10 19:37:59,574 INFO [trainprep/张量读取/开始] 来源=/private/tmp/dojo-integrated-acceptance/platform/projects/812a943bb9f44a9aaaed8174460f1e01/tasks/34536dbd953c42c29721c3d6eabe3685/data/7c8ec2f9d37f480b9a0d368fe0d9889e/train/Sample002/first.zarr
2026-09-10 19:37:59,730 INFO [trainprep/张量读取/结束] 耗时=0.156秒
2026-09-10 19:37:59,730 INFO [trainprep/张量读取/开始] 来源=/private/tmp/dojo-integrated-acceptance/platform/projects/812a943bb9f44a9aaaed8174460f1e01/tasks/34536dbd953c42c29721c3d6eabe3685/data/7c8ec2f9d37f480b9a0d368fe0d9889e/train/Sample002/second.zarr
2026-09-10 19:37:59,744 INFO [trainprep/张量读取/结束] 耗时=0.014秒
2026-09-10 19:37:59,757 INFO [trainprep/张量读取/开始] 来源=/private/tmp/dojo-integrated-acceptance/platform/projects/812a943bb9f44a9aaaed8174460f1e01/tasks/34536dbd953c42c29721c3d6eabe3685/data/7c8ec2f9d37f480b9a0d368fe0d9889e/train/Sample004/first.zarr
2026-09-10 19:37:59,767 INFO [trainprep/张量读取/结束] 耗时=0.010秒
2026-09-10 19:37:59,767 INFO [trainprep/张量读取/开始] 来源=/private/tmp/dojo-integrated-acceptance/platform/projects/812a943bb9f44a9aaaed8174460f1e01/tasks/34536dbd953c42c29721c3d6eabe3685/data/7c8ec2f9d37f480b9a0d368fe0d9889e/train/Sample004/second.zarr
2026-09-10 19:37:59,779 INFO [trainprep/张量读取/结束] 耗时=0.012秒
2026-09-10 19:37:59,790 INFO [trainprep/张量读取/开始] 来源=/private/tmp/dojo-integrated-acceptance/platform/projects/812a943bb9f44a9aaaed8174460f1e01/tasks/34536dbd953c42c29721c3d6eabe3685/data/7c8ec2f9d37f480b9a0d368fe0d9889e/train/Sample006/first.zarr
2026-09-10 19:37:59,799 INFO [trainprep/张量读取/结束] 耗时=0.010秒
2026-09-10 19:37:59,800 INFO [trainprep/张量读取/开始] 来源=/private/tmp/dojo-integrated-acceptance/platform/projects/812a943bb9f44a9aaaed8174460f1e01/tasks/34536dbd953c42c29721c3d6eabe3685/data/7c8ec2f9d37f480b9a0d368fe0d9889e/train/Sample006/second.zarr
2026-09-10 19:37:59,812 INFO [trainprep/张量读取/结束] 耗时=0.013秒
2026-09-10 19:37:59,823 INFO [trainprep/张量读取/开始] 来源=/private/tmp/dojo-integrated-acceptance/platform/projects/812a943bb9f44a9aaaed8174460f1e01/tasks/34536dbd953c42c29721c3d6eabe3685/data/7c8ec2f9d37f480b9a0d368fe0d9889e/train/Sample007/first.zarr
2026-09-10 19:37:59,832 INFO [trainprep/张量读取/结束] 耗时=0.009秒
2026-09-10 19:37:59,832 INFO [trainprep/张量读取/开始] 来源=/private/tmp/dojo-integrated-acceptance/platform/projects/812a943bb9f44a9aaaed8174460f1e01/tasks/34536dbd953c42c29721c3d6eabe3685/data/7c8ec2f9d37f480b9a0d368fe0d9889e/train/Sample007/second.zarr
2026-09-10 19:37:59,844 INFO [trainprep/张量读取/结束] 耗时=0.012秒
2026-09-10 19:37:59,855 INFO [trainprep/张量读取/开始] 来源=/private/tmp/dojo-integrated-acceptance/platform/projects/812a943bb9f44a9aaaed8174460f1e01/tasks/34536dbd953c42c29721c3d6eabe3685/data/7c8ec2f9d37f480b9a0d368fe0d9889e/train/Sample008/first.zarr
2026-09-10 19:37:59,865 INFO [trainprep/张量读取/结束] 耗时=0.010秒
2026-09-10 19:37:59,865 INFO [trainprep/张量读取/开始] 来源=/private/tmp/dojo-integrated-acceptance/platform/projects/812a943bb9f44a9aaaed8174460f1e01/tasks/34536dbd953c42c29721c3d6eabe3685/data/7c8ec2f9d37f480b9a0d368fe0d9889e/train/Sample008/second.zarr
2026-09-10 19:37:59,877 INFO [trainprep/张量读取/结束] 耗时=0.012秒
2026-09-10 19:37:59,887 INFO [trainprep/张量读取/开始] 来源=/private/tmp/dojo-integrated-acceptance/platform/projects/812a943bb9f44a9aaaed8174460f1e01/tasks/34536dbd953c42c29721c3d6eabe3685/data/7c8ec2f9d37f480b9a0d368fe0d9889e/train/Sample009/first.zarr
2026-09-10 19:37:59,896 INFO [trainprep/张量读取/结束] 耗时=0.009秒
2026-09-10 19:37:59,896 INFO [trainprep/张量读取/开始] 来源=/private/tmp/dojo-integrated-acceptance/platform/projects/812a943bb9f44a9aaaed8174460f1e01/tasks/34536dbd953c42c29721c3d6eabe3685/data/7c8ec2f9d37f480b9a0d368fe0d9889e/train/Sample009/second.zarr
2026-09-10 19:37:59,908 INFO [trainprep/张量读取/结束] 耗时=0.012秒
2026-09-10 19:37:59,918 INFO [trainprep/张量读取/开始] 来源=/private/tmp/dojo-integrated-acceptance/platform/projects/812a943bb9f44a9aaaed8174460f1e01/tasks/34536dbd953c42c29721c3d6eabe3685/data/7c8ec2f9d37f480b9a0d368fe0d9889e/train/Sample010/first.zarr
2026-09-10 19:37:59,928 INFO [trainprep/张量读取/结束] 耗时=0.010秒
2026-09-10 19:37:59,928 INFO [trainprep/张量读取/开始] 来源=/private/tmp/dojo-integrated-acceptance/platform/projects/812a943bb9f44a9aaaed8174460f1e01/tasks/34536dbd953c42c29721c3d6eabe3685/data/7c8ec2f9d37f480b9a0d368fe0d9889e/train/Sample010/second.zarr
2026-09-10 19:37:59,941 INFO [trainprep/张量读取/结束] 耗时=0.013秒
2026-09-10 19:37:59,951 INFO [trainprep/张量读取/开始] 来源=/private/tmp/dojo-integrated-acceptance/platform/projects/812a943bb9f44a9aaaed8174460f1e01/tasks/34536dbd953c42c29721c3d6eabe3685/data/7c8ec2f9d37f480b9a0d368fe0d9889e/train/Sample011/first.zarr
2026-09-10 19:37:59,961 INFO [trainprep/张量读取/结束] 耗时=0.009秒
2026-09-10 19:37:59,961 INFO [trainprep/张量读取/开始] 来源=/private/tmp/dojo-integrated-acceptance/platform/projects/812a943bb9f44a9aaaed8174460f1e01/tasks/34536dbd953c42c29721c3d6eabe3685/data/7c8ec2f9d37f480b9a0d368fe0d9889e/train/Sample011/second.zarr
2026-09-10 19:37:59,973 INFO [trainprep/张量读取/结束] 耗时=0.012秒
2026-09-10 19:38:00,021 INFO [trainprep/张量读取/开始] 来源=/private/tmp/dojo-integrated-acceptance/platform/projects/812a943bb9f44a9aaaed8174460f1e01/tasks/34536dbd953c42c29721c3d6eabe3685/data/7c8ec2f9d37f480b9a0d368fe0d9889e/train/Sample002/first.zarr
2026-09-10 19:38:00,031 INFO [trainprep/张量读取/结束] 耗时=0.010秒
2026-09-10 19:38:00,031 INFO [trainprep/张量读取/开始] 来源=/private/tmp/dojo-integrated-acceptance/platform/projects/812a943bb9f44a9aaaed8174460f1e01/tasks/34536dbd953c42c29721c3d6eabe3685/data/7c8ec2f9d37f480b9a0d368fe0d9889e/train/Sample002/second.zarr
2026-09-10 19:38:00,044 INFO [trainprep/张量读取/结束] 耗时=0.013秒
2026-09-10 19:38:00,054 INFO [trainprep/阶段/结束] 耗时=0.660秒
2026-09-10 19:38:00,055 INFO [运行/结束] 状态=成功；成功=0；失败=0；未执行=0；耗时=0.661秒
