2026-09-10 19:36:10,729 INFO [运行/开始] 脚本=/private/tmp/dojo-integrated-acceptance/platform/projects/812a943bb9f44a9aaaed8174460f1e01/tasks/33149a8f1adf4d95aead6959dccf134a/.dojo/executions/ce1125fbed5e494db886b176fc940baa/code/pipeline.py；运行目录=/private/tmp/dojo-integrated-acceptance/platform/projects/812a943bb9f44a9aaaed8174460f1e01/tasks/33149a8f1adf4d95aead6959dccf134a/runs/ce1125fbed5e494db886b176fc940baa；生效配置=inputs/config.yaml
2026-09-10 19:36:10,730 INFO [rawprep/阶段/开始] 
2026-09-10 19:36:11,799 INFO [rawprep/输出预检/开始] 
2026-09-10 19:36:11,799 INFO [rawprep/输出预检/结束] 耗时=0.000秒
2026-09-10 19:36:11,799 INFO [rawprep/批量前处理/开始] 样本数=10
2026-09-10 19:36:11,800 INFO [rawprep/样本读取点场/开始] 样本=train/Sample002
2026-09-10 19:36:11,809 INFO [rawprep/样本读取点场/结束] 样本=train/Sample002；耗时=0.010秒
2026-09-10 19:36:11,809 INFO [rawprep/样本提交/开始] 样本=train/Sample002；分片=train
2026-09-10 19:36:11,812 INFO [rawprep/张量提交/开始] 样本=train/Sample002；overwrite=False；来源=/private/tmp/dojo-integrated-acceptance/platform/projects/812a943bb9f44a9aaaed8174460f1e01/tasks/33149a8f1adf4d95aead6959dccf134a/data/ce1125fbed5e494db886b176fc940baa/train/Sample002
2026-09-10 19:36:11,813 INFO [rawprep/输出规划/开始] 样本=train/Sample002；overwrite=False；来源=/private/tmp/dojo-integrated-acceptance/platform/projects/812a943bb9f44a9aaaed8174460f1e01/tasks/33149a8f1adf4d95aead6959dccf134a/data/ce1125fbed5e494db886b176fc940baa/train/Sample002
2026-09-10 19:36:11,813 INFO [rawprep/输出规划/结束] 样本=train/Sample002；耗时=0.000秒
2026-09-10 19:36:12,043 INFO [rawprep/张量提交/结束] 样本=train/Sample002；耗时=0.231秒
2026-09-10 19:36:12,043 INFO [rawprep/样本提交/结束] 样本=train/Sample002；耗时=0.234秒
2026-09-10 19:36:12,044 INFO [rawprep/样本读取点场/开始] 样本=train/Sample004
2026-09-10 19:36:12,051 INFO [rawprep/样本读取点场/结束] 样本=train/Sample004；耗时=0.008秒
2026-09-10 19:36:12,051 INFO [rawprep/样本提交/开始] 样本=train/Sample004；分片=train
2026-09-10 19:36:12,053 INFO [rawprep/张量提交/开始] 样本=train/Sample004；overwrite=False；来源=/private/tmp/dojo-integrated-acceptance/platform/projects/812a943bb9f44a9aaaed8174460f1e01/tasks/33149a8f1adf4d95aead6959dccf134a/data/ce1125fbed5e494db886b176fc940baa/train/Sample004
2026-09-10 19:36:12,053 INFO [rawprep/输出规划/开始] 样本=train/Sample004；overwrite=False；来源=/private/tmp/dojo-integrated-acceptance/platform/projects/812a943bb9f44a9aaaed8174460f1e01/tasks/33149a8f1adf4d95aead6959dccf134a/data/ce1125fbed5e494db886b176fc940baa/train/Sample004
2026-09-10 19:36:12,054 INFO [rawprep/输出规划/结束] 样本=train/Sample004；耗时=0.000秒
2026-09-10 19:36:12,097 INFO [rawprep/张量提交/结束] 样本=train/Sample004；耗时=0.044秒
2026-09-10 19:36:12,097 INFO [rawprep/样本提交/结束] 样本=train/Sample004；耗时=0.046秒
2026-09-10 19:36:12,097 INFO [rawprep/样本读取点场/开始] 样本=train/Sample006
2026-09-10 19:36:12,104 INFO [rawprep/样本读取点场/结束] 样本=train/Sample006；耗时=0.007秒
2026-09-10 19:36:12,105 INFO [rawprep/样本提交/开始] 样本=train/Sample006；分片=train
2026-09-10 19:36:12,107 INFO [rawprep/张量提交/开始] 样本=train/Sample006；overwrite=False；来源=/private/tmp/dojo-integrated-acceptance/platform/projects/812a943bb9f44a9aaaed8174460f1e01/tasks/33149a8f1adf4d95aead6959dccf134a/data/ce1125fbed5e494db886b176fc940baa/train/Sample006
2026-09-10 19:36:12,107 INFO [rawprep/输出规划/开始] 样本=train/Sample006；overwrite=False；来源=/private/tmp/dojo-integrated-acceptance/platform/projects/812a943bb9f44a9aaaed8174460f1e01/tasks/33149a8f1adf4d95aead6959dccf134a/data/ce1125fbed5e494db886b176fc940baa/train/Sample006
2026-09-10 19:36:12,107 INFO [rawprep/输出规划/结束] 样本=train/Sample006；耗时=0.000秒
2026-09-10 19:36:12,150 INFO [rawprep/张量提交/结束] 样本=train/Sample006；耗时=0.043秒
2026-09-10 19:36:12,150 INFO [rawprep/样本提交/结束] 样本=train/Sample006；耗时=0.045秒
2026-09-10 19:36:12,150 INFO [rawprep/样本读取点场/开始] 样本=train/Sample007
2026-09-10 19:36:12,157 INFO [rawprep/样本读取点场/结束] 样本=train/Sample007；耗时=0.007秒
2026-09-10 19:36:12,158 INFO [rawprep/样本提交/开始] 样本=train/Sample007；分片=train
2026-09-10 19:36:12,159 INFO [rawprep/张量提交/开始] 样本=train/Sample007；overwrite=False；来源=/private/tmp/dojo-integrated-acceptance/platform/projects/812a943bb9f44a9aaaed8174460f1e01/tasks/33149a8f1adf4d95aead6959dccf134a/data/ce1125fbed5e494db886b176fc940baa/train/Sample007
2026-09-10 19:36:12,160 INFO [rawprep/输出规划/开始] 样本=train/Sample007；overwrite=False；来源=/private/tmp/dojo-integrated-acceptance/platform/projects/812a943bb9f44a9aaaed8174460f1e01/tasks/33149a8f1adf4d95aead6959dccf134a/data/ce1125fbed5e494db886b176fc940baa/train/Sample007
2026-09-10 19:36:12,160 INFO [rawprep/输出规划/结束] 样本=train/Sample007；耗时=0.000秒
2026-09-10 19:36:12,202 INFO [rawprep/张量提交/结束] 样本=train/Sample007；耗时=0.043秒
2026-09-10 19:36:12,202 INFO [rawprep/样本提交/结束] 样本=train/Sample007；耗时=0.045秒
2026-09-10 19:36:12,203 INFO [rawprep/样本读取点场/开始] 样本=train/Sample008
2026-09-10 19:36:12,210 INFO [rawprep/样本读取点场/结束] 样本=train/Sample008；耗时=0.007秒
2026-09-10 19:36:12,210 INFO [rawprep/样本提交/开始] 样本=train/Sample008；分片=train
2026-09-10 19:36:12,211 INFO [rawprep/张量提交/开始] 样本=train/Sample008；overwrite=False；来源=/private/tmp/dojo-integrated-acceptance/platform/projects/812a943bb9f44a9aaaed8174460f1e01/tasks/33149a8f1adf4d95aead6959dccf134a/data/ce1125fbed5e494db886b176fc940baa/train/Sample008
2026-09-10 19:36:12,212 INFO [rawprep/输出规划/开始] 样本=train/Sample008；overwrite=False；来源=/private/tmp/dojo-integrated-acceptance/platform/projects/812a943bb9f44a9aaaed8174460f1e01/tasks/33149a8f1adf4d95aead6959dccf134a/data/ce1125fbed5e494db886b176fc940baa/train/Sample008
2026-09-10 19:36:12,212 INFO [rawprep/输出规划/结束] 样本=train/Sample008；耗时=0.000秒
2026-09-10 19:36:12,256 INFO [rawprep/张量提交/结束] 样本=train/Sample008；耗时=0.044秒
2026-09-10 19:36:12,256 INFO [rawprep/样本提交/结束] 样本=train/Sample008；耗时=0.046秒
2026-09-10 19:36:12,256 INFO [rawprep/样本读取点场/开始] 样本=train/Sample009
2026-09-10 19:36:12,263 INFO [rawprep/样本读取点场/结束] 样本=train/Sample009；耗时=0.007秒
2026-09-10 19:36:12,263 INFO [rawprep/样本提交/开始] 样本=train/Sample009；分片=train
2026-09-10 19:36:12,265 INFO [rawprep/张量提交/开始] 样本=train/Sample009；overwrite=False；来源=/private/tmp/dojo-integrated-acceptance/platform/projects/812a943bb9f44a9aaaed8174460f1e01/tasks/33149a8f1adf4d95aead6959dccf134a/data/ce1125fbed5e494db886b176fc940baa/train/Sample009
2026-09-10 19:36:12,265 INFO [rawprep/输出规划/开始] 样本=train/Sample009；overwrite=False；来源=/private/tmp/dojo-integrated-acceptance/platform/projects/812a943bb9f44a9aaaed8174460f1e01/tasks/33149a8f1adf4d95aead6959dccf134a/data/ce1125fbed5e494db886b176fc940baa/train/Sample009
2026-09-10 19:36:12,265 INFO [rawprep/输出规划/结束] 样本=train/Sample009；耗时=0.000秒
2026-09-10 19:36:12,311 INFO [rawprep/张量提交/结束] 样本=train/Sample009；耗时=0.046秒
2026-09-10 19:36:12,311 INFO [rawprep/样本提交/结束] 样本=train/Sample009；耗时=0.048秒
2026-09-10 19:36:12,311 INFO [rawprep/样本读取点场/开始] 样本=train/Sample010
2026-09-10 19:36:12,318 INFO [rawprep/样本读取点场/结束] 样本=train/Sample010；耗时=0.007秒
2026-09-10 19:36:12,318 INFO [rawprep/样本提交/开始] 样本=train/Sample010；分片=train
2026-09-10 19:36:12,320 INFO [rawprep/张量提交/开始] 样本=train/Sample010；overwrite=False；来源=/private/tmp/dojo-integrated-acceptance/platform/projects/812a943bb9f44a9aaaed8174460f1e01/tasks/33149a8f1adf4d95aead6959dccf134a/data/ce1125fbed5e494db886b176fc940baa/train/Sample010
2026-09-10 19:36:12,320 INFO [rawprep/输出规划/开始] 样本=train/Sample010；overwrite=False；来源=/private/tmp/dojo-integrated-acceptance/platform/projects/812a943bb9f44a9aaaed8174460f1e01/tasks/33149a8f1adf4d95aead6959dccf134a/data/ce1125fbed5e494db886b176fc940baa/train/Sample010
2026-09-10 19:36:12,321 INFO [rawprep/输出规划/结束] 样本=train/Sample010；耗时=0.000秒
2026-09-10 19:36:12,367 INFO [rawprep/张量提交/结束] 样本=train/Sample010；耗时=0.046秒
2026-09-10 19:36:12,367 INFO [rawprep/样本提交/结束] 样本=train/Sample010；耗时=0.048秒
2026-09-10 19:36:12,367 INFO [rawprep/样本读取点场/开始] 样本=train/Sample011
2026-09-10 19:36:12,378 INFO [rawprep/样本读取点场/结束] 样本=train/Sample011；耗时=0.011秒
2026-09-10 19:36:12,378 INFO [rawprep/样本提交/开始] 样本=train/Sample011；分片=train
2026-09-10 19:36:12,380 INFO [rawprep/张量提交/开始] 样本=train/Sample011；overwrite=False；来源=/private/tmp/dojo-integrated-acceptance/platform/projects/812a943bb9f44a9aaaed8174460f1e01/tasks/33149a8f1adf4d95aead6959dccf134a/data/ce1125fbed5e494db886b176fc940baa/train/Sample011
2026-09-10 19:36:12,380 INFO [rawprep/输出规划/开始] 样本=train/Sample011；overwrite=False；来源=/private/tmp/dojo-integrated-acceptance/platform/projects/812a943bb9f44a9aaaed8174460f1e01/tasks/33149a8f1adf4d95aead6959dccf134a/data/ce1125fbed5e494db886b176fc940baa/train/Sample011
2026-09-10 19:36:12,380 INFO [rawprep/输出规划/结束] 样本=train/Sample011；耗时=0.000秒
2026-09-10 19:36:12,424 INFO [rawprep/张量提交/结束] 样本=train/Sample011；耗时=0.045秒
2026-09-10 19:36:12,425 INFO [rawprep/样本提交/结束] 样本=train/Sample011；耗时=0.047秒
2026-09-10 19:36:12,425 INFO [rawprep/样本读取点场/开始] 样本=validation/Sample001
2026-09-10 19:36:12,432 INFO [rawprep/样本读取点场/结束] 样本=validation/Sample001；耗时=0.007秒
2026-09-10 19:36:12,432 INFO [rawprep/样本提交/开始] 样本=validation/Sample001；分片=validation
2026-09-10 19:36:12,434 INFO [rawprep/张量提交/开始] 样本=validation/Sample001；overwrite=False；来源=/private/tmp/dojo-integrated-acceptance/platform/projects/812a943bb9f44a9aaaed8174460f1e01/tasks/33149a8f1adf4d95aead6959dccf134a/data/ce1125fbed5e494db886b176fc940baa/validation/Sample001
2026-09-10 19:36:12,434 INFO [rawprep/输出规划/开始] 样本=validation/Sample001；overwrite=False；来源=/private/tmp/dojo-integrated-acceptance/platform/projects/812a943bb9f44a9aaaed8174460f1e01/tasks/33149a8f1adf4d95aead6959dccf134a/data/ce1125fbed5e494db886b176fc940baa/validation/Sample001
2026-09-10 19:36:12,435 INFO [rawprep/输出规划/结束] 样本=validation/Sample001；耗时=0.000秒
2026-09-10 19:36:12,481 INFO [rawprep/张量提交/结束] 样本=validation/Sample001；耗时=0.046秒
2026-09-10 19:36:12,481 INFO [rawprep/样本提交/结束] 样本=validation/Sample001；耗时=0.048秒
2026-09-10 19:36:12,481 INFO [rawprep/样本读取点场/开始] 样本=test/Sample001
2026-09-10 19:36:12,486 INFO [rawprep/样本读取点场/结束] 样本=test/Sample001；耗时=0.005秒
2026-09-10 19:36:12,486 INFO [rawprep/样本提交/开始] 样本=test/Sample001；分片=test
2026-09-10 19:36:12,489 INFO [rawprep/张量提交/开始] 样本=test/Sample001；overwrite=False；来源=/private/tmp/dojo-integrated-acceptance/platform/projects/812a943bb9f44a9aaaed8174460f1e01/tasks/33149a8f1adf4d95aead6959dccf134a/data/ce1125fbed5e494db886b176fc940baa/test/Sample001
2026-09-10 19:36:12,489 INFO [rawprep/输出规划/开始] 样本=test/Sample001；overwrite=False；来源=/private/tmp/dojo-integrated-acceptance/platform/projects/812a943bb9f44a9aaaed8174460f1e01/tasks/33149a8f1adf4d95aead6959dccf134a/data/ce1125fbed5e494db886b176fc940baa/test/Sample001
2026-09-10 19:36:12,489 INFO [rawprep/输出规划/结束] 样本=test/Sample001；耗时=0.000秒
2026-09-10 19:36:12,540 INFO [rawprep/张量提交/结束] 样本=test/Sample001；耗时=0.052秒
2026-09-10 19:36:12,541 INFO [rawprep/样本提交/结束] 样本=test/Sample001；耗时=0.054秒
2026-09-10 19:36:12,541 INFO [rawprep/批量前处理/进度] 完成=10；总数=10；失败=0；未执行=0
2026-09-10 19:36:12,541 INFO [rawprep/批量前处理/结束] 耗时=0.741秒
2026-09-10 19:36:12,542 INFO [rawprep/阶段/结束] 耗时=1.812秒
2026-09-10 19:36:12,542 INFO [运行/结束] 状态=成功；成功=10；失败=0；未执行=0；耗时=1.813秒
