2026-09-10 19:37:55,821 INFO [运行/开始] 脚本=/private/tmp/dojo-integrated-acceptance/platform/projects/812a943bb9f44a9aaaed8174460f1e01/tasks/34536dbd953c42c29721c3d6eabe3685/.dojo/executions/7c8ec2f9d37f480b9a0d368fe0d9889e/code/pipeline.py；运行目录=/private/tmp/dojo-integrated-acceptance/platform/projects/812a943bb9f44a9aaaed8174460f1e01/tasks/34536dbd953c42c29721c3d6eabe3685/runs/7c8ec2f9d37f480b9a0d368fe0d9889e；生效配置=inputs/config.yaml
2026-09-10 19:37:55,821 INFO [rawprep/阶段/开始] 
2026-09-10 19:37:56,796 INFO [rawprep/输出预检/开始] 
2026-09-10 19:37:56,796 INFO [rawprep/输出预检/结束] 耗时=0.000秒
2026-09-10 19:37:56,796 INFO [rawprep/批量前处理/开始] 样本数=10
2026-09-10 19:37:56,796 INFO [rawprep/样本读取点场/开始] 样本=train/Sample002
2026-09-10 19:37:56,805 INFO [rawprep/样本读取点场/结束] 样本=train/Sample002；耗时=0.009秒
2026-09-10 19:37:56,805 INFO [rawprep/样本提交/开始] 样本=train/Sample002；分片=train
2026-09-10 19:37:56,809 INFO [rawprep/张量提交/开始] 样本=train/Sample002；overwrite=False；来源=/private/tmp/dojo-integrated-acceptance/platform/projects/812a943bb9f44a9aaaed8174460f1e01/tasks/34536dbd953c42c29721c3d6eabe3685/data/7c8ec2f9d37f480b9a0d368fe0d9889e/train/Sample002
2026-09-10 19:37:56,809 INFO [rawprep/输出规划/开始] 样本=train/Sample002；overwrite=False；来源=/private/tmp/dojo-integrated-acceptance/platform/projects/812a943bb9f44a9aaaed8174460f1e01/tasks/34536dbd953c42c29721c3d6eabe3685/data/7c8ec2f9d37f480b9a0d368fe0d9889e/train/Sample002
2026-09-10 19:37:56,809 INFO [rawprep/输出规划/结束] 样本=train/Sample002；耗时=0.000秒
2026-09-10 19:37:57,025 INFO [rawprep/张量提交/结束] 样本=train/Sample002；耗时=0.216秒
2026-09-10 19:37:57,025 INFO [rawprep/样本提交/结束] 样本=train/Sample002；耗时=0.220秒
2026-09-10 19:37:57,025 INFO [rawprep/样本读取点场/开始] 样本=train/Sample004
2026-09-10 19:37:57,032 INFO [rawprep/样本读取点场/结束] 样本=train/Sample004；耗时=0.007秒
2026-09-10 19:37:57,032 INFO [rawprep/样本提交/开始] 样本=train/Sample004；分片=train
2026-09-10 19:37:57,034 INFO [rawprep/张量提交/开始] 样本=train/Sample004；overwrite=False；来源=/private/tmp/dojo-integrated-acceptance/platform/projects/812a943bb9f44a9aaaed8174460f1e01/tasks/34536dbd953c42c29721c3d6eabe3685/data/7c8ec2f9d37f480b9a0d368fe0d9889e/train/Sample004
2026-09-10 19:37:57,034 INFO [rawprep/输出规划/开始] 样本=train/Sample004；overwrite=False；来源=/private/tmp/dojo-integrated-acceptance/platform/projects/812a943bb9f44a9aaaed8174460f1e01/tasks/34536dbd953c42c29721c3d6eabe3685/data/7c8ec2f9d37f480b9a0d368fe0d9889e/train/Sample004
2026-09-10 19:37:57,034 INFO [rawprep/输出规划/结束] 样本=train/Sample004；耗时=0.000秒
2026-09-10 19:37:57,078 INFO [rawprep/张量提交/结束] 样本=train/Sample004；耗时=0.044秒
2026-09-10 19:37:57,078 INFO [rawprep/样本提交/结束] 样本=train/Sample004；耗时=0.046秒
2026-09-10 19:37:57,078 INFO [rawprep/样本读取点场/开始] 样本=train/Sample006
2026-09-10 19:37:57,084 INFO [rawprep/样本读取点场/结束] 样本=train/Sample006；耗时=0.006秒
2026-09-10 19:37:57,084 INFO [rawprep/样本提交/开始] 样本=train/Sample006；分片=train
2026-09-10 19:37:57,086 INFO [rawprep/张量提交/开始] 样本=train/Sample006；overwrite=False；来源=/private/tmp/dojo-integrated-acceptance/platform/projects/812a943bb9f44a9aaaed8174460f1e01/tasks/34536dbd953c42c29721c3d6eabe3685/data/7c8ec2f9d37f480b9a0d368fe0d9889e/train/Sample006
2026-09-10 19:37:57,087 INFO [rawprep/输出规划/开始] 样本=train/Sample006；overwrite=False；来源=/private/tmp/dojo-integrated-acceptance/platform/projects/812a943bb9f44a9aaaed8174460f1e01/tasks/34536dbd953c42c29721c3d6eabe3685/data/7c8ec2f9d37f480b9a0d368fe0d9889e/train/Sample006
2026-09-10 19:37:57,087 INFO [rawprep/输出规划/结束] 样本=train/Sample006；耗时=0.000秒
2026-09-10 19:37:57,128 INFO [rawprep/张量提交/结束] 样本=train/Sample006；耗时=0.042秒
2026-09-10 19:37:57,128 INFO [rawprep/样本提交/结束] 样本=train/Sample006；耗时=0.044秒
2026-09-10 19:37:57,129 INFO [rawprep/样本读取点场/开始] 样本=train/Sample007
2026-09-10 19:37:57,135 INFO [rawprep/样本读取点场/结束] 样本=train/Sample007；耗时=0.007秒
2026-09-10 19:37:57,136 INFO [rawprep/样本提交/开始] 样本=train/Sample007；分片=train
2026-09-10 19:37:57,138 INFO [rawprep/张量提交/开始] 样本=train/Sample007；overwrite=False；来源=/private/tmp/dojo-integrated-acceptance/platform/projects/812a943bb9f44a9aaaed8174460f1e01/tasks/34536dbd953c42c29721c3d6eabe3685/data/7c8ec2f9d37f480b9a0d368fe0d9889e/train/Sample007
2026-09-10 19:37:57,138 INFO [rawprep/输出规划/开始] 样本=train/Sample007；overwrite=False；来源=/private/tmp/dojo-integrated-acceptance/platform/projects/812a943bb9f44a9aaaed8174460f1e01/tasks/34536dbd953c42c29721c3d6eabe3685/data/7c8ec2f9d37f480b9a0d368fe0d9889e/train/Sample007
2026-09-10 19:37:57,138 INFO [rawprep/输出规划/结束] 样本=train/Sample007；耗时=0.000秒
2026-09-10 19:37:57,180 INFO [rawprep/张量提交/结束] 样本=train/Sample007；耗时=0.042秒
2026-09-10 19:37:57,180 INFO [rawprep/样本提交/结束] 样本=train/Sample007；耗时=0.045秒
2026-09-10 19:37:57,180 INFO [rawprep/样本读取点场/开始] 样本=train/Sample008
2026-09-10 19:37:57,187 INFO [rawprep/样本读取点场/结束] 样本=train/Sample008；耗时=0.007秒
2026-09-10 19:37:57,187 INFO [rawprep/样本提交/开始] 样本=train/Sample008；分片=train
2026-09-10 19:37:57,189 INFO [rawprep/张量提交/开始] 样本=train/Sample008；overwrite=False；来源=/private/tmp/dojo-integrated-acceptance/platform/projects/812a943bb9f44a9aaaed8174460f1e01/tasks/34536dbd953c42c29721c3d6eabe3685/data/7c8ec2f9d37f480b9a0d368fe0d9889e/train/Sample008
2026-09-10 19:37:57,189 INFO [rawprep/输出规划/开始] 样本=train/Sample008；overwrite=False；来源=/private/tmp/dojo-integrated-acceptance/platform/projects/812a943bb9f44a9aaaed8174460f1e01/tasks/34536dbd953c42c29721c3d6eabe3685/data/7c8ec2f9d37f480b9a0d368fe0d9889e/train/Sample008
2026-09-10 19:37:57,189 INFO [rawprep/输出规划/结束] 样本=train/Sample008；耗时=0.000秒
2026-09-10 19:37:57,232 INFO [rawprep/张量提交/结束] 样本=train/Sample008；耗时=0.043秒
2026-09-10 19:37:57,232 INFO [rawprep/样本提交/结束] 样本=train/Sample008；耗时=0.045秒
2026-09-10 19:37:57,232 INFO [rawprep/样本读取点场/开始] 样本=train/Sample009
2026-09-10 19:37:57,238 INFO [rawprep/样本读取点场/结束] 样本=train/Sample009；耗时=0.006秒
2026-09-10 19:37:57,238 INFO [rawprep/样本提交/开始] 样本=train/Sample009；分片=train
2026-09-10 19:37:57,240 INFO [rawprep/张量提交/开始] 样本=train/Sample009；overwrite=False；来源=/private/tmp/dojo-integrated-acceptance/platform/projects/812a943bb9f44a9aaaed8174460f1e01/tasks/34536dbd953c42c29721c3d6eabe3685/data/7c8ec2f9d37f480b9a0d368fe0d9889e/train/Sample009
2026-09-10 19:37:57,240 INFO [rawprep/输出规划/开始] 样本=train/Sample009；overwrite=False；来源=/private/tmp/dojo-integrated-acceptance/platform/projects/812a943bb9f44a9aaaed8174460f1e01/tasks/34536dbd953c42c29721c3d6eabe3685/data/7c8ec2f9d37f480b9a0d368fe0d9889e/train/Sample009
2026-09-10 19:37:57,240 INFO [rawprep/输出规划/结束] 样本=train/Sample009；耗时=0.000秒
2026-09-10 19:37:57,282 INFO [rawprep/张量提交/结束] 样本=train/Sample009；耗时=0.042秒
2026-09-10 19:37:57,282 INFO [rawprep/样本提交/结束] 样本=train/Sample009；耗时=0.044秒
2026-09-10 19:37:57,282 INFO [rawprep/样本读取点场/开始] 样本=train/Sample010
2026-09-10 19:37:57,288 INFO [rawprep/样本读取点场/结束] 样本=train/Sample010；耗时=0.006秒
2026-09-10 19:37:57,288 INFO [rawprep/样本提交/开始] 样本=train/Sample010；分片=train
2026-09-10 19:37:57,290 INFO [rawprep/张量提交/开始] 样本=train/Sample010；overwrite=False；来源=/private/tmp/dojo-integrated-acceptance/platform/projects/812a943bb9f44a9aaaed8174460f1e01/tasks/34536dbd953c42c29721c3d6eabe3685/data/7c8ec2f9d37f480b9a0d368fe0d9889e/train/Sample010
2026-09-10 19:37:57,290 INFO [rawprep/输出规划/开始] 样本=train/Sample010；overwrite=False；来源=/private/tmp/dojo-integrated-acceptance/platform/projects/812a943bb9f44a9aaaed8174460f1e01/tasks/34536dbd953c42c29721c3d6eabe3685/data/7c8ec2f9d37f480b9a0d368fe0d9889e/train/Sample010
2026-09-10 19:37:57,291 INFO [rawprep/输出规划/结束] 样本=train/Sample010；耗时=0.000秒
2026-09-10 19:37:57,332 INFO [rawprep/张量提交/结束] 样本=train/Sample010；耗时=0.042秒
2026-09-10 19:37:57,332 INFO [rawprep/样本提交/结束] 样本=train/Sample010；耗时=0.044秒
2026-09-10 19:37:57,332 INFO [rawprep/样本读取点场/开始] 样本=train/Sample011
2026-09-10 19:37:57,339 INFO [rawprep/样本读取点场/结束] 样本=train/Sample011；耗时=0.006秒
2026-09-10 19:37:57,339 INFO [rawprep/样本提交/开始] 样本=train/Sample011；分片=train
2026-09-10 19:37:57,341 INFO [rawprep/张量提交/开始] 样本=train/Sample011；overwrite=False；来源=/private/tmp/dojo-integrated-acceptance/platform/projects/812a943bb9f44a9aaaed8174460f1e01/tasks/34536dbd953c42c29721c3d6eabe3685/data/7c8ec2f9d37f480b9a0d368fe0d9889e/train/Sample011
2026-09-10 19:37:57,341 INFO [rawprep/输出规划/开始] 样本=train/Sample011；overwrite=False；来源=/private/tmp/dojo-integrated-acceptance/platform/projects/812a943bb9f44a9aaaed8174460f1e01/tasks/34536dbd953c42c29721c3d6eabe3685/data/7c8ec2f9d37f480b9a0d368fe0d9889e/train/Sample011
2026-09-10 19:37:57,342 INFO [rawprep/输出规划/结束] 样本=train/Sample011；耗时=0.000秒
2026-09-10 19:37:57,383 INFO [rawprep/张量提交/结束] 样本=train/Sample011；耗时=0.042秒
2026-09-10 19:37:57,383 INFO [rawprep/样本提交/结束] 样本=train/Sample011；耗时=0.044秒
2026-09-10 19:37:57,383 INFO [rawprep/样本读取点场/开始] 样本=validation/Sample001
2026-09-10 19:37:57,390 INFO [rawprep/样本读取点场/结束] 样本=validation/Sample001；耗时=0.006秒
2026-09-10 19:37:57,390 INFO [rawprep/样本提交/开始] 样本=validation/Sample001；分片=validation
2026-09-10 19:37:57,392 INFO [rawprep/张量提交/开始] 样本=validation/Sample001；overwrite=False；来源=/private/tmp/dojo-integrated-acceptance/platform/projects/812a943bb9f44a9aaaed8174460f1e01/tasks/34536dbd953c42c29721c3d6eabe3685/data/7c8ec2f9d37f480b9a0d368fe0d9889e/validation/Sample001
2026-09-10 19:37:57,392 INFO [rawprep/输出规划/开始] 样本=validation/Sample001；overwrite=False；来源=/private/tmp/dojo-integrated-acceptance/platform/projects/812a943bb9f44a9aaaed8174460f1e01/tasks/34536dbd953c42c29721c3d6eabe3685/data/7c8ec2f9d37f480b9a0d368fe0d9889e/validation/Sample001
2026-09-10 19:37:57,392 INFO [rawprep/输出规划/结束] 样本=validation/Sample001；耗时=0.000秒
2026-09-10 19:37:57,435 INFO [rawprep/张量提交/结束] 样本=validation/Sample001；耗时=0.043秒
2026-09-10 19:37:57,435 INFO [rawprep/样本提交/结束] 样本=validation/Sample001；耗时=0.045秒
2026-09-10 19:37:57,435 INFO [rawprep/样本读取点场/开始] 样本=test/Sample001
2026-09-10 19:37:57,440 INFO [rawprep/样本读取点场/结束] 样本=test/Sample001；耗时=0.005秒
2026-09-10 19:37:57,440 INFO [rawprep/样本提交/开始] 样本=test/Sample001；分片=test
2026-09-10 19:37:57,442 INFO [rawprep/张量提交/开始] 样本=test/Sample001；overwrite=False；来源=/private/tmp/dojo-integrated-acceptance/platform/projects/812a943bb9f44a9aaaed8174460f1e01/tasks/34536dbd953c42c29721c3d6eabe3685/data/7c8ec2f9d37f480b9a0d368fe0d9889e/test/Sample001
2026-09-10 19:37:57,442 INFO [rawprep/输出规划/开始] 样本=test/Sample001；overwrite=False；来源=/private/tmp/dojo-integrated-acceptance/platform/projects/812a943bb9f44a9aaaed8174460f1e01/tasks/34536dbd953c42c29721c3d6eabe3685/data/7c8ec2f9d37f480b9a0d368fe0d9889e/test/Sample001
2026-09-10 19:37:57,442 INFO [rawprep/输出规划/结束] 样本=test/Sample001；耗时=0.000秒
2026-09-10 19:37:57,484 INFO [rawprep/张量提交/结束] 样本=test/Sample001；耗时=0.043秒
2026-09-10 19:37:57,485 INFO [rawprep/样本提交/结束] 样本=test/Sample001；耗时=0.045秒
2026-09-10 19:37:57,485 INFO [rawprep/批量前处理/进度] 完成=10；总数=10；失败=0；未执行=0
2026-09-10 19:37:57,485 INFO [rawprep/批量前处理/结束] 耗时=0.689秒
2026-09-10 19:37:57,486 INFO [rawprep/阶段/结束] 耗时=1.664秒
2026-09-10 19:37:57,486 INFO [运行/结束] 状态=成功；成功=10；失败=0；未执行=0；耗时=1.665秒
