2026-09-10 19:36:14,254 INFO [运行/开始] 脚本=/private/tmp/dojo-integrated-acceptance/platform/projects/812a943bb9f44a9aaaed8174460f1e01/tasks/33149a8f1adf4d95aead6959dccf134a/.dojo/executions/7eaf4326a53341f79bbbd994ed858d4a/code/pipeline.py；运行目录=/private/tmp/dojo-integrated-acceptance/platform/projects/812a943bb9f44a9aaaed8174460f1e01/tasks/33149a8f1adf4d95aead6959dccf134a/runs/7eaf4326a53341f79bbbd994ed858d4a；生效配置=inputs/config.yaml
2026-09-10 19:36:14,255 INFO [trainprep/阶段/开始] 
2026-09-10 19:36:14,433 INFO [trainprep/张量读取/开始] 来源=/private/tmp/dojo-integrated-acceptance/platform/projects/812a943bb9f44a9aaaed8174460f1e01/tasks/33149a8f1adf4d95aead6959dccf134a/data/ce1125fbed5e494db886b176fc940baa/train/Sample002/first.zarr
2026-09-10 19:36:14,602 INFO [trainprep/张量读取/结束] 耗时=0.169秒
2026-09-10 19:36:14,602 INFO [trainprep/张量读取/开始] 来源=/private/tmp/dojo-integrated-acceptance/platform/projects/812a943bb9f44a9aaaed8174460f1e01/tasks/33149a8f1adf4d95aead6959dccf134a/data/ce1125fbed5e494db886b176fc940baa/train/Sample002/second.zarr
2026-09-10 19:36:14,616 INFO [trainprep/张量读取/结束] 耗时=0.014秒
2026-09-10 19:36:14,628 INFO [trainprep/张量读取/开始] 来源=/private/tmp/dojo-integrated-acceptance/platform/projects/812a943bb9f44a9aaaed8174460f1e01/tasks/33149a8f1adf4d95aead6959dccf134a/data/ce1125fbed5e494db886b176fc940baa/train/Sample004/first.zarr
2026-09-10 19:36:14,639 INFO [trainprep/张量读取/结束] 耗时=0.010秒
2026-09-10 19:36:14,639 INFO [trainprep/张量读取/开始] 来源=/private/tmp/dojo-integrated-acceptance/platform/projects/812a943bb9f44a9aaaed8174460f1e01/tasks/33149a8f1adf4d95aead6959dccf134a/data/ce1125fbed5e494db886b176fc940baa/train/Sample004/second.zarr
2026-09-10 19:36:14,652 INFO [trainprep/张量读取/结束] 耗时=0.013秒
2026-09-10 19:36:14,662 INFO [trainprep/张量读取/开始] 来源=/private/tmp/dojo-integrated-acceptance/platform/projects/812a943bb9f44a9aaaed8174460f1e01/tasks/33149a8f1adf4d95aead6959dccf134a/data/ce1125fbed5e494db886b176fc940baa/train/Sample006/first.zarr
2026-09-10 19:36:14,673 INFO [trainprep/张量读取/结束] 耗时=0.011秒
2026-09-10 19:36:14,673 INFO [trainprep/张量读取/开始] 来源=/private/tmp/dojo-integrated-acceptance/platform/projects/812a943bb9f44a9aaaed8174460f1e01/tasks/33149a8f1adf4d95aead6959dccf134a/data/ce1125fbed5e494db886b176fc940baa/train/Sample006/second.zarr
2026-09-10 19:36:14,687 INFO [trainprep/张量读取/结束] 耗时=0.014秒
2026-09-10 19:36:14,698 INFO [trainprep/张量读取/开始] 来源=/private/tmp/dojo-integrated-acceptance/platform/projects/812a943bb9f44a9aaaed8174460f1e01/tasks/33149a8f1adf4d95aead6959dccf134a/data/ce1125fbed5e494db886b176fc940baa/train/Sample007/first.zarr
2026-09-10 19:36:14,709 INFO [trainprep/张量读取/结束] 耗时=0.011秒
2026-09-10 19:36:14,709 INFO [trainprep/张量读取/开始] 来源=/private/tmp/dojo-integrated-acceptance/platform/projects/812a943bb9f44a9aaaed8174460f1e01/tasks/33149a8f1adf4d95aead6959dccf134a/data/ce1125fbed5e494db886b176fc940baa/train/Sample007/second.zarr
2026-09-10 19:36:14,720 INFO [trainprep/张量读取/结束] 耗时=0.011秒
2026-09-10 19:36:14,731 INFO [trainprep/张量读取/开始] 来源=/private/tmp/dojo-integrated-acceptance/platform/projects/812a943bb9f44a9aaaed8174460f1e01/tasks/33149a8f1adf4d95aead6959dccf134a/data/ce1125fbed5e494db886b176fc940baa/train/Sample008/first.zarr
2026-09-10 19:36:14,741 INFO [trainprep/张量读取/结束] 耗时=0.009秒
2026-09-10 19:36:14,741 INFO [trainprep/张量读取/开始] 来源=/private/tmp/dojo-integrated-acceptance/platform/projects/812a943bb9f44a9aaaed8174460f1e01/tasks/33149a8f1adf4d95aead6959dccf134a/data/ce1125fbed5e494db886b176fc940baa/train/Sample008/second.zarr
2026-09-10 19:36:14,752 INFO [trainprep/张量读取/结束] 耗时=0.011秒
2026-09-10 19:36:14,763 INFO [trainprep/张量读取/开始] 来源=/private/tmp/dojo-integrated-acceptance/platform/projects/812a943bb9f44a9aaaed8174460f1e01/tasks/33149a8f1adf4d95aead6959dccf134a/data/ce1125fbed5e494db886b176fc940baa/train/Sample009/first.zarr
2026-09-10 19:36:14,771 INFO [trainprep/张量读取/结束] 耗时=0.008秒
2026-09-10 19:36:14,771 INFO [trainprep/张量读取/开始] 来源=/private/tmp/dojo-integrated-acceptance/platform/projects/812a943bb9f44a9aaaed8174460f1e01/tasks/33149a8f1adf4d95aead6959dccf134a/data/ce1125fbed5e494db886b176fc940baa/train/Sample009/second.zarr
2026-09-10 19:36:14,784 INFO [trainprep/张量读取/结束] 耗时=0.012秒
2026-09-10 19:36:14,794 INFO [trainprep/张量读取/开始] 来源=/private/tmp/dojo-integrated-acceptance/platform/projects/812a943bb9f44a9aaaed8174460f1e01/tasks/33149a8f1adf4d95aead6959dccf134a/data/ce1125fbed5e494db886b176fc940baa/train/Sample010/first.zarr
2026-09-10 19:36:14,804 INFO [trainprep/张量读取/结束] 耗时=0.010秒
2026-09-10 19:36:14,804 INFO [trainprep/张量读取/开始] 来源=/private/tmp/dojo-integrated-acceptance/platform/projects/812a943bb9f44a9aaaed8174460f1e01/tasks/33149a8f1adf4d95aead6959dccf134a/data/ce1125fbed5e494db886b176fc940baa/train/Sample010/second.zarr
2026-09-10 19:36:14,816 INFO [trainprep/张量读取/结束] 耗时=0.012秒
2026-09-10 19:36:14,826 INFO [trainprep/张量读取/开始] 来源=/private/tmp/dojo-integrated-acceptance/platform/projects/812a943bb9f44a9aaaed8174460f1e01/tasks/33149a8f1adf4d95aead6959dccf134a/data/ce1125fbed5e494db886b176fc940baa/train/Sample011/first.zarr
2026-09-10 19:36:14,835 INFO [trainprep/张量读取/结束] 耗时=0.009秒
2026-09-10 19:36:14,835 INFO [trainprep/张量读取/开始] 来源=/private/tmp/dojo-integrated-acceptance/platform/projects/812a943bb9f44a9aaaed8174460f1e01/tasks/33149a8f1adf4d95aead6959dccf134a/data/ce1125fbed5e494db886b176fc940baa/train/Sample011/second.zarr
2026-09-10 19:36:14,847 INFO [trainprep/张量读取/结束] 耗时=0.012秒
2026-09-10 19:36:14,897 INFO [trainprep/张量读取/开始] 来源=/private/tmp/dojo-integrated-acceptance/platform/projects/812a943bb9f44a9aaaed8174460f1e01/tasks/33149a8f1adf4d95aead6959dccf134a/data/ce1125fbed5e494db886b176fc940baa/train/Sample002/first.zarr
2026-09-10 19:36:14,907 INFO [trainprep/张量读取/结束] 耗时=0.010秒
2026-09-10 19:36:14,907 INFO [trainprep/张量读取/开始] 来源=/private/tmp/dojo-integrated-acceptance/platform/projects/812a943bb9f44a9aaaed8174460f1e01/tasks/33149a8f1adf4d95aead6959dccf134a/data/ce1125fbed5e494db886b176fc940baa/train/Sample002/second.zarr
2026-09-10 19:36:14,920 INFO [trainprep/张量读取/结束] 耗时=0.013秒
2026-09-10 19:36:14,931 INFO [trainprep/阶段/结束] 耗时=0.676秒
2026-09-10 19:36:14,931 INFO [运行/结束] 状态=成功；成功=0；失败=0；未执行=0；耗时=0.677秒
