2026-09-10 19:29:19,952 INFO [运行/开始] 脚本=/private/tmp/dojo-integrated-acceptance/platform/projects/812a943bb9f44a9aaaed8174460f1e01/tasks/7b20f38045a74e10a397ffa7f1d1ebbe/.dojo/executions/78393ab143ae42e1a07c712210d0e4fc/code/pipeline.py；运行目录=/private/tmp/dojo-integrated-acceptance/platform/projects/812a943bb9f44a9aaaed8174460f1e01/tasks/7b20f38045a74e10a397ffa7f1d1ebbe/runs/78393ab143ae42e1a07c712210d0e4fc；生效配置=inputs/config.yaml
2026-09-10 19:29:19,952 INFO [rawprep/阶段/开始] 
2026-09-10 19:29:21,870 INFO [rawprep/数据集/开始] root=/Users/zonghui/work/datasets/shapenet_car_cfd/mlcfd_data/training_data
2026-09-10 19:29:21,888 INFO [rawprep/数据集/选择结果] 样本总数=2；train=1；test=1
2026-09-10 19:29:21,888 INFO [rawprep/数据集/结束] 耗时=0.018秒
2026-09-10 19:29:21,889 INFO [rawprep/输出预检/开始] 
2026-09-10 19:29:21,890 INFO [rawprep/输出规划/开始] overwrite=False；来源=/private/tmp/dojo-integrated-acceptance/platform/projects/812a943bb9f44a9aaaed8174460f1e01/tasks/7b20f38045a74e10a397ffa7f1d1ebbe/data/78393ab143ae42e1a07c712210d0e4fc/train/param1/1dc58be25e1b6e5675cad724c63e222e
2026-09-10 19:29:21,890 INFO [rawprep/输出规划/结束] 耗时=0.000秒
2026-09-10 19:29:21,890 INFO [rawprep/输出规划/开始] overwrite=False；来源=/private/tmp/dojo-integrated-acceptance/platform/projects/812a943bb9f44a9aaaed8174460f1e01/tasks/7b20f38045a74e10a397ffa7f1d1ebbe/data/78393ab143ae42e1a07c712210d0e4fc/test/param0/100715345ee54d7ae38b52b4ee9d36a3
2026-09-10 19:29:21,890 INFO [rawprep/输出规划/结束] 耗时=0.000秒
2026-09-10 19:29:21,890 INFO [rawprep/输出预检/目标] train=/private/tmp/dojo-integrated-acceptance/platform/projects/812a943bb9f44a9aaaed8174460f1e01/tasks/7b20f38045a74e10a397ffa7f1d1ebbe/data/78393ab143ae42e1a07c712210d0e4fc/train；test=/private/tmp/dojo-integrated-acceptance/platform/projects/812a943bb9f44a9aaaed8174460f1e01/tasks/7b20f38045a74e10a397ffa7f1d1ebbe/data/78393ab143ae42e1a07c712210d0e4fc/test
2026-09-10 19:29:21,890 INFO [rawprep/输出预检/结束] 耗时=0.001秒
2026-09-10 19:29:21,890 INFO [rawprep/批量前处理/开始] 样本数=2
2026-09-10 19:29:21,890 INFO [rawprep/样本读取/开始] 样本=param1/1dc58be25e1b6e5675cad724c63e222e
2026-09-10 19:29:21,890 INFO [rawprep/读取/开始] 样本=param1/1dc58be25e1b6e5675cad724c63e222e；来源=/Users/zonghui/work/datasets/shapenet_car_cfd/mlcfd_data/training_data/param1/1dc58be25e1b6e5675cad724c63e222e/quadpress_smpl.vtk
2026-09-10 19:29:21,893 INFO [rawprep/读取/结果] 样本=param1/1dc58be25e1b6e5675cad724c63e222e；点数=3682；单元数=3584
2026-09-10 19:29:21,894 INFO [rawprep/读取/结束] 样本=param1/1dc58be25e1b6e5675cad724c63e222e；耗时=0.003秒
2026-09-10 19:29:21,894 INFO [rawprep/读取/开始] 样本=param1/1dc58be25e1b6e5675cad724c63e222e；来源=/Users/zonghui/work/datasets/shapenet_car_cfd/mlcfd_data/training_data/param1/1dc58be25e1b6e5675cad724c63e222e/hexvelo_smpl.vtk
2026-09-10 19:29:21,927 INFO [rawprep/读取/结果] 样本=param1/1dc58be25e1b6e5675cad724c63e222e；点数=29498；单元数=26112
2026-09-10 19:29:21,928 INFO [rawprep/读取/结束] 样本=param1/1dc58be25e1b6e5675cad724c63e222e；耗时=0.034秒
2026-09-10 19:29:21,928 INFO [rawprep/样本读取/结束] 样本=param1/1dc58be25e1b6e5675cad724c63e222e；耗时=0.037秒
2026-09-10 19:29:21,928 INFO [rawprep/样本字段提取/开始] 样本=param1/1dc58be25e1b6e5675cad724c63e222e
2026-09-10 19:29:21,928 INFO [rawprep/坐标提取/开始] 样本=param1/1dc58be25e1b6e5675cad724c63e222e
2026-09-10 19:29:21,928 INFO [rawprep/坐标提取/结果] 样本=param1/1dc58be25e1b6e5675cad724c63e222e；形状=(3682, 3)；类型=float32
2026-09-10 19:29:21,928 INFO [rawprep/坐标提取/结束] 样本=param1/1dc58be25e1b6e5675cad724c63e222e；耗时=0.000秒
2026-09-10 19:29:21,928 INFO [rawprep/字段提取/开始] 样本=param1/1dc58be25e1b6e5675cad724c63e222e；name=point_scalars；association=point；kind=scalar
2026-09-10 19:29:21,928 INFO [rawprep/字段提取/结果] 样本=param1/1dc58be25e1b6e5675cad724c63e222e；形状=(3682,)；类型=float32
2026-09-10 19:29:21,929 INFO [rawprep/字段提取/结束] 样本=param1/1dc58be25e1b6e5675cad724c63e222e；耗时=0.000秒
2026-09-10 19:29:21,929 INFO [rawprep/有效点标记/开始] 样本=param1/1dc58be25e1b6e5675cad724c63e222e；cell_type=9
2026-09-10 19:29:21,930 INFO [rawprep/有效点标记/结果] 样本=param1/1dc58be25e1b6e5675cad724c63e222e；形状=(3682,)；类型=bool
2026-09-10 19:29:21,930 INFO [rawprep/有效点标记/结束] 样本=param1/1dc58be25e1b6e5675cad724c63e222e；耗时=0.002秒
2026-09-10 19:29:21,930 INFO [rawprep/坐标提取/开始] 样本=param1/1dc58be25e1b6e5675cad724c63e222e
2026-09-10 19:29:21,930 INFO [rawprep/坐标提取/结果] 样本=param1/1dc58be25e1b6e5675cad724c63e222e；形状=(29498, 3)；类型=float32
2026-09-10 19:29:21,930 INFO [rawprep/坐标提取/结束] 样本=param1/1dc58be25e1b6e5675cad724c63e222e；耗时=0.000秒
2026-09-10 19:29:21,931 INFO [rawprep/字段提取/开始] 样本=param1/1dc58be25e1b6e5675cad724c63e222e；name=point_vectors；association=point；kind=vector
2026-09-10 19:29:21,931 INFO [rawprep/字段提取/结果] 样本=param1/1dc58be25e1b6e5675cad724c63e222e；形状=(29498, 3)；类型=float32
2026-09-10 19:29:21,931 INFO [rawprep/字段提取/结束] 样本=param1/1dc58be25e1b6e5675cad724c63e222e；耗时=0.000秒
2026-09-10 19:29:21,931 INFO [rawprep/样本字段提取/结束] 样本=param1/1dc58be25e1b6e5675cad724c63e222e；耗时=0.003秒
2026-09-10 19:29:21,931 INFO [rawprep/样本几何派生/开始] 样本=param1/1dc58be25e1b6e5675cad724c63e222e
2026-09-10 19:29:21,931 INFO [rawprep/坐标提取/开始] 样本=param1/1dc58be25e1b6e5675cad724c63e222e
2026-09-10 19:29:21,931 INFO [rawprep/坐标提取/结果] 样本=param1/1dc58be25e1b6e5675cad724c63e222e；形状=(3682, 3)；类型=float32
2026-09-10 19:29:21,931 INFO [rawprep/坐标提取/结束] 样本=param1/1dc58be25e1b6e5675cad724c63e222e；耗时=0.000秒
2026-09-10 19:29:21,931 INFO [rawprep/坐标提取/开始] 样本=param1/1dc58be25e1b6e5675cad724c63e222e
2026-09-10 19:29:21,931 INFO [rawprep/坐标提取/结果] 样本=param1/1dc58be25e1b6e5675cad724c63e222e；形状=(29498, 3)；类型=float32
2026-09-10 19:29:21,931 INFO [rawprep/坐标提取/结束] 样本=param1/1dc58be25e1b6e5675cad724c63e222e；耗时=0.000秒
2026-09-10 19:29:21,931 INFO [rawprep/点到最近顶点/开始] 样本=param1/1dc58be25e1b6e5675cad724c63e222e；输入0形状=(29498, 3)；输入1形状=(3682, 3)
2026-09-10 19:29:21,951 INFO [rawprep/点到最近顶点/结束] 样本=param1/1dc58be25e1b6e5675cad724c63e222e；耗时=0.019秒
2026-09-10 19:29:21,951 INFO [rawprep/表面法向/开始] 样本=param1/1dc58be25e1b6e5675cad724c63e222e
2026-09-10 19:29:21,959 INFO [rawprep/表面法向/结束] 样本=param1/1dc58be25e1b6e5675cad724c63e222e；耗时=0.008秒
2026-09-10 19:29:21,959 INFO [rawprep/重合点标记/开始] 样本=param1/1dc58be25e1b6e5675cad724c63e222e；输入0形状=(29498, 3)；输入1形状=(3682, 3)
2026-09-10 19:29:21,969 INFO [rawprep/重合点标记/结果] 样本=param1/1dc58be25e1b6e5675cad724c63e222e；形状=(29498,)；类型=bool
2026-09-10 19:29:21,969 INFO [rawprep/重合点标记/结束] 样本=param1/1dc58be25e1b6e5675cad724c63e222e；耗时=0.010秒
2026-09-10 19:29:21,969 INFO [rawprep/样本几何派生/结束] 样本=param1/1dc58be25e1b6e5675cad724c63e222e；耗时=0.038秒
2026-09-10 19:29:21,969 INFO [rawprep/样本字段选择/开始] 样本=param1/1dc58be25e1b6e5675cad724c63e222e
2026-09-10 19:29:21,969 INFO [rawprep/坐标提取/开始] 样本=param1/1dc58be25e1b6e5675cad724c63e222e
2026-09-10 19:29:21,969 INFO [rawprep/坐标提取/结果] 样本=param1/1dc58be25e1b6e5675cad724c63e222e；形状=(29498, 3)；类型=float32
2026-09-10 19:29:21,969 INFO [rawprep/坐标提取/结束] 样本=param1/1dc58be25e1b6e5675cad724c63e222e；耗时=0.000秒
2026-09-10 19:29:21,969 INFO [rawprep/坐标提取/开始] 样本=param1/1dc58be25e1b6e5675cad724c63e222e
2026-09-10 19:29:21,969 INFO [rawprep/坐标提取/结果] 样本=param1/1dc58be25e1b6e5675cad724c63e222e；形状=(3682, 3)；类型=float32
2026-09-10 19:29:21,969 INFO [rawprep/坐标提取/结束] 样本=param1/1dc58be25e1b6e5675cad724c63e222e；耗时=0.000秒
2026-09-10 19:29:21,969 INFO [rawprep/样本字段选择/结束] 样本=param1/1dc58be25e1b6e5675cad724c63e222e；耗时=0.000秒
2026-09-10 19:29:21,969 INFO [rawprep/样本字段校验/开始] 样本=param1/1dc58be25e1b6e5675cad724c63e222e
2026-09-10 19:29:21,969 INFO [rawprep/字段身份校验/开始] 样本=param1/1dc58be25e1b6e5675cad724c63e222e；sample=param1/1dc58be25e1b6e5675cad724c63e222e
2026-09-10 19:29:21,971 INFO [rawprep/字段身份校验/结束] 样本=param1/1dc58be25e1b6e5675cad724c63e222e；耗时=0.002秒
2026-09-10 19:29:21,971 INFO [rawprep/样本字段校验/结束] 样本=param1/1dc58be25e1b6e5675cad724c63e222e；耗时=0.002秒
2026-09-10 19:29:21,971 INFO [rawprep/样本筛选/开始] 样本=param1/1dc58be25e1b6e5675cad724c63e222e
2026-09-10 19:29:21,972 INFO [rawprep/记录筛选/开始] 样本=param1/1dc58be25e1b6e5675cad724c63e222e
2026-09-10 19:29:21,972 INFO [rawprep/字段身份校验/开始] 样本=param1/1dc58be25e1b6e5675cad724c63e222e
2026-09-10 19:29:21,973 INFO [rawprep/字段身份校验/结束] 样本=param1/1dc58be25e1b6e5675cad724c63e222e；耗时=0.002秒
2026-09-10 19:29:21,974 INFO [rawprep/字段身份校验/开始] 样本=param1/1dc58be25e1b6e5675cad724c63e222e
2026-09-10 19:29:21,976 INFO [rawprep/字段身份校验/结束] 样本=param1/1dc58be25e1b6e5675cad724c63e222e；耗时=0.002秒
2026-09-10 19:29:21,976 INFO [rawprep/记录筛选/结束] 样本=param1/1dc58be25e1b6e5675cad724c63e222e；耗时=0.004秒
2026-09-10 19:29:21,976 INFO [rawprep/字段身份校验/开始] 样本=param1/1dc58be25e1b6e5675cad724c63e222e；sample=param1/1dc58be25e1b6e5675cad724c63e222e
2026-09-10 19:29:21,977 INFO [rawprep/字段身份校验/结束] 样本=param1/1dc58be25e1b6e5675cad724c63e222e；耗时=0.001秒
2026-09-10 19:29:21,977 INFO [rawprep/筛选/结果] 样本=param1/1dc58be25e1b6e5675cad724c63e222e；组=surface:point；筛选前=3682；保留=3586；删除=96
2026-09-10 19:29:21,977 INFO [rawprep/筛选/结果] 样本=param1/1dc58be25e1b6e5675cad724c63e222e；组=volume:point；筛选前=29498；保留=28504；删除=994
2026-09-10 19:29:21,977 INFO [rawprep/样本筛选/结束] 样本=param1/1dc58be25e1b6e5675cad724c63e222e；耗时=0.006秒
2026-09-10 19:29:21,977 INFO [rawprep/样本字段校验/开始] 样本=param1/1dc58be25e1b6e5675cad724c63e222e
2026-09-10 19:29:21,978 INFO [rawprep/字段身份校验/开始] 样本=param1/1dc58be25e1b6e5675cad724c63e222e；sample=param1/1dc58be25e1b6e5675cad724c63e222e
2026-09-10 19:29:21,979 INFO [rawprep/字段身份校验/结束] 样本=param1/1dc58be25e1b6e5675cad724c63e222e；耗时=0.002秒
2026-09-10 19:29:21,979 INFO [rawprep/样本字段校验/结束] 样本=param1/1dc58be25e1b6e5675cad724c63e222e；耗时=0.002秒
2026-09-10 19:29:21,979 INFO [rawprep/样本张量编码/开始] 样本=param1/1dc58be25e1b6e5675cad724c63e222e
2026-09-10 19:29:21,979 INFO [rawprep/字段身份校验/开始] 样本=param1/1dc58be25e1b6e5675cad724c63e222e；sample=param1/1dc58be25e1b6e5675cad724c63e222e
2026-09-10 19:29:21,981 INFO [rawprep/字段身份校验/结束] 样本=param1/1dc58be25e1b6e5675cad724c63e222e；耗时=0.002秒
2026-09-10 19:29:21,981 INFO [rawprep/张量编码/开始] 样本=param1/1dc58be25e1b6e5675cad724c63e222e
2026-09-10 19:29:21,981 INFO [rawprep/张量编码/结果] 样本=param1/1dc58be25e1b6e5675cad724c63e222e；形状=(3586,)；类型=torch.float32
2026-09-10 19:29:21,981 INFO [rawprep/张量编码/结束] 样本=param1/1dc58be25e1b6e5675cad724c63e222e；耗时=0.000秒
2026-09-10 19:29:21,981 INFO [rawprep/张量编码/开始] 样本=param1/1dc58be25e1b6e5675cad724c63e222e
2026-09-10 19:29:21,982 INFO [rawprep/张量编码/结果] 样本=param1/1dc58be25e1b6e5675cad724c63e222e；形状=(3586, 3)；类型=torch.float32
2026-09-10 19:29:21,982 INFO [rawprep/张量编码/结束] 样本=param1/1dc58be25e1b6e5675cad724c63e222e；耗时=0.000秒
2026-09-10 19:29:21,982 INFO [rawprep/张量编码/开始] 样本=param1/1dc58be25e1b6e5675cad724c63e222e
2026-09-10 19:29:21,982 INFO [rawprep/张量编码/结果] 样本=param1/1dc58be25e1b6e5675cad724c63e222e；形状=(28504, 3)；类型=torch.float32
2026-09-10 19:29:21,982 INFO [rawprep/张量编码/结束] 样本=param1/1dc58be25e1b6e5675cad724c63e222e；耗时=0.000秒
2026-09-10 19:29:21,982 INFO [rawprep/张量编码/开始] 样本=param1/1dc58be25e1b6e5675cad724c63e222e
2026-09-10 19:29:21,982 INFO [rawprep/张量编码/结果] 样本=param1/1dc58be25e1b6e5675cad724c63e222e；形状=(28504, 3)；类型=torch.float32
2026-09-10 19:29:21,982 INFO [rawprep/张量编码/结束] 样本=param1/1dc58be25e1b6e5675cad724c63e222e；耗时=0.000秒
2026-09-10 19:29:21,982 INFO [rawprep/张量编码/开始] 样本=param1/1dc58be25e1b6e5675cad724c63e222e
2026-09-10 19:29:21,982 INFO [rawprep/张量编码/结果] 样本=param1/1dc58be25e1b6e5675cad724c63e222e；形状=(3586, 3)；类型=torch.float32
2026-09-10 19:29:21,982 INFO [rawprep/张量编码/结束] 样本=param1/1dc58be25e1b6e5675cad724c63e222e；耗时=0.000秒
2026-09-10 19:29:21,982 INFO [rawprep/张量编码/开始] 样本=param1/1dc58be25e1b6e5675cad724c63e222e
2026-09-10 19:29:21,982 INFO [rawprep/张量编码/结果] 样本=param1/1dc58be25e1b6e5675cad724c63e222e；形状=(28504, 3)；类型=torch.float32
2026-09-10 19:29:21,982 INFO [rawprep/张量编码/结束] 样本=param1/1dc58be25e1b6e5675cad724c63e222e；耗时=0.000秒
2026-09-10 19:29:21,982 INFO [rawprep/张量编码/开始] 样本=param1/1dc58be25e1b6e5675cad724c63e222e
2026-09-10 19:29:21,982 INFO [rawprep/张量编码/结果] 样本=param1/1dc58be25e1b6e5675cad724c63e222e；形状=(28504,)；类型=torch.float32
2026-09-10 19:29:21,982 INFO [rawprep/张量编码/结束] 样本=param1/1dc58be25e1b6e5675cad724c63e222e；耗时=0.000秒
2026-09-10 19:29:21,982 INFO [rawprep/样本张量编码/结束] 样本=param1/1dc58be25e1b6e5675cad724c63e222e；耗时=0.003秒
2026-09-10 19:29:21,982 INFO [rawprep/样本提交/开始] 样本=param1/1dc58be25e1b6e5675cad724c63e222e；分片=train
2026-09-10 19:29:21,983 INFO [rawprep/输出规划/开始] 样本=param1/1dc58be25e1b6e5675cad724c63e222e；overwrite=False；来源=/private/tmp/dojo-integrated-acceptance/platform/projects/812a943bb9f44a9aaaed8174460f1e01/tasks/7b20f38045a74e10a397ffa7f1d1ebbe/data/78393ab143ae42e1a07c712210d0e4fc/train/param1/1dc58be25e1b6e5675cad724c63e222e
2026-09-10 19:29:21,983 INFO [rawprep/输出规划/结束] 样本=param1/1dc58be25e1b6e5675cad724c63e222e；耗时=0.000秒
2026-09-10 19:29:21,984 INFO [rawprep/张量提交/开始] 样本=param1/1dc58be25e1b6e5675cad724c63e222e；overwrite=False；来源=/private/tmp/dojo-integrated-acceptance/platform/projects/812a943bb9f44a9aaaed8174460f1e01/tasks/7b20f38045a74e10a397ffa7f1d1ebbe/data/78393ab143ae42e1a07c712210d0e4fc/train/param1/1dc58be25e1b6e5675cad724c63e222e
2026-09-10 19:29:21,984 INFO [rawprep/输出规划/开始] 样本=param1/1dc58be25e1b6e5675cad724c63e222e；overwrite=False；来源=/private/tmp/dojo-integrated-acceptance/platform/projects/812a943bb9f44a9aaaed8174460f1e01/tasks/7b20f38045a74e10a397ffa7f1d1ebbe/data/78393ab143ae42e1a07c712210d0e4fc/train/param1/1dc58be25e1b6e5675cad724c63e222e
2026-09-10 19:29:21,984 INFO [rawprep/输出规划/结束] 样本=param1/1dc58be25e1b6e5675cad724c63e222e；耗时=0.000秒
2026-09-10 19:29:21,991 INFO [rawprep/张量提交/结束] 样本=param1/1dc58be25e1b6e5675cad724c63e222e；耗时=0.007秒
2026-09-10 19:29:21,992 INFO [rawprep/样本提交/结果] 样本=param1/1dc58be25e1b6e5675cad724c63e222e；目标=/private/tmp/dojo-integrated-acceptance/platform/projects/812a943bb9f44a9aaaed8174460f1e01/tasks/7b20f38045a74e10a397ffa7f1d1ebbe/data/78393ab143ae42e1a07c712210d0e4fc/train/param1/1dc58be25e1b6e5675cad724c63e222e；文件数=2；状态=已提交
2026-09-10 19:29:21,992 INFO [rawprep/样本提交/结束] 样本=param1/1dc58be25e1b6e5675cad724c63e222e；耗时=0.009秒
2026-09-10 19:29:21,992 INFO [rawprep/样本读取/开始] 样本=param0/100715345ee54d7ae38b52b4ee9d36a3
2026-09-10 19:29:21,992 INFO [rawprep/读取/开始] 样本=param0/100715345ee54d7ae38b52b4ee9d36a3；来源=/Users/zonghui/work/datasets/shapenet_car_cfd/mlcfd_data/training_data/param0/100715345ee54d7ae38b52b4ee9d36a3/quadpress_smpl.vtk
2026-09-10 19:29:21,995 INFO [rawprep/读取/结果] 样本=param0/100715345ee54d7ae38b52b4ee9d36a3；点数=3682；单元数=3584
2026-09-10 19:29:21,995 INFO [rawprep/读取/结束] 样本=param0/100715345ee54d7ae38b52b4ee9d36a3；耗时=0.003秒
2026-09-10 19:29:21,995 INFO [rawprep/读取/开始] 样本=param0/100715345ee54d7ae38b52b4ee9d36a3；来源=/Users/zonghui/work/datasets/shapenet_car_cfd/mlcfd_data/training_data/param0/100715345ee54d7ae38b52b4ee9d36a3/hexvelo_smpl.vtk
2026-09-10 19:29:22,028 INFO [rawprep/读取/结果] 样本=param0/100715345ee54d7ae38b52b4ee9d36a3；点数=29498；单元数=26112
2026-09-10 19:29:22,028 INFO [rawprep/读取/结束] 样本=param0/100715345ee54d7ae38b52b4ee9d36a3；耗时=0.034秒
2026-09-10 19:29:22,029 INFO [rawprep/样本读取/结束] 样本=param0/100715345ee54d7ae38b52b4ee9d36a3；耗时=0.037秒
2026-09-10 19:29:22,029 INFO [rawprep/样本字段提取/开始] 样本=param0/100715345ee54d7ae38b52b4ee9d36a3
2026-09-10 19:29:22,029 INFO [rawprep/坐标提取/开始] 样本=param0/100715345ee54d7ae38b52b4ee9d36a3
2026-09-10 19:29:22,029 INFO [rawprep/坐标提取/结果] 样本=param0/100715345ee54d7ae38b52b4ee9d36a3；形状=(3682, 3)；类型=float32
2026-09-10 19:29:22,029 INFO [rawprep/坐标提取/结束] 样本=param0/100715345ee54d7ae38b52b4ee9d36a3；耗时=0.000秒
2026-09-10 19:29:22,029 INFO [rawprep/字段提取/开始] 样本=param0/100715345ee54d7ae38b52b4ee9d36a3；name=point_scalars；association=point；kind=scalar
2026-09-10 19:29:22,029 INFO [rawprep/字段提取/结果] 样本=param0/100715345ee54d7ae38b52b4ee9d36a3；形状=(3682,)；类型=float32
2026-09-10 19:29:22,029 INFO [rawprep/字段提取/结束] 样本=param0/100715345ee54d7ae38b52b4ee9d36a3；耗时=0.000秒
2026-09-10 19:29:22,029 INFO [rawprep/有效点标记/开始] 样本=param0/100715345ee54d7ae38b52b4ee9d36a3；cell_type=9
2026-09-10 19:29:22,031 INFO [rawprep/有效点标记/结果] 样本=param0/100715345ee54d7ae38b52b4ee9d36a3；形状=(3682,)；类型=bool
2026-09-10 19:29:22,031 INFO [rawprep/有效点标记/结束] 样本=param0/100715345ee54d7ae38b52b4ee9d36a3；耗时=0.002秒
2026-09-10 19:29:22,031 INFO [rawprep/坐标提取/开始] 样本=param0/100715345ee54d7ae38b52b4ee9d36a3
2026-09-10 19:29:22,031 INFO [rawprep/坐标提取/结果] 样本=param0/100715345ee54d7ae38b52b4ee9d36a3；形状=(29498, 3)；类型=float32
2026-09-10 19:29:22,031 INFO [rawprep/坐标提取/结束] 样本=param0/100715345ee54d7ae38b52b4ee9d36a3；耗时=0.000秒
2026-09-10 19:29:22,031 INFO [rawprep/字段提取/开始] 样本=param0/100715345ee54d7ae38b52b4ee9d36a3；name=point_vectors；association=point；kind=vector
2026-09-10 19:29:22,031 INFO [rawprep/字段提取/结果] 样本=param0/100715345ee54d7ae38b52b4ee9d36a3；形状=(29498, 3)；类型=float32
2026-09-10 19:29:22,031 INFO [rawprep/字段提取/结束] 样本=param0/100715345ee54d7ae38b52b4ee9d36a3；耗时=0.000秒
2026-09-10 19:29:22,031 INFO [rawprep/样本字段提取/结束] 样本=param0/100715345ee54d7ae38b52b4ee9d36a3；耗时=0.003秒
2026-09-10 19:29:22,031 INFO [rawprep/样本几何派生/开始] 样本=param0/100715345ee54d7ae38b52b4ee9d36a3
2026-09-10 19:29:22,031 INFO [rawprep/坐标提取/开始] 样本=param0/100715345ee54d7ae38b52b4ee9d36a3
2026-09-10 19:29:22,031 INFO [rawprep/坐标提取/结果] 样本=param0/100715345ee54d7ae38b52b4ee9d36a3；形状=(3682, 3)；类型=float32
2026-09-10 19:29:22,031 INFO [rawprep/坐标提取/结束] 样本=param0/100715345ee54d7ae38b52b4ee9d36a3；耗时=0.000秒
2026-09-10 19:29:22,032 INFO [rawprep/坐标提取/开始] 样本=param0/100715345ee54d7ae38b52b4ee9d36a3
2026-09-10 19:29:22,032 INFO [rawprep/坐标提取/结果] 样本=param0/100715345ee54d7ae38b52b4ee9d36a3；形状=(29498, 3)；类型=float32
2026-09-10 19:29:22,032 INFO [rawprep/坐标提取/结束] 样本=param0/100715345ee54d7ae38b52b4ee9d36a3；耗时=0.000秒
2026-09-10 19:29:22,032 INFO [rawprep/点到最近顶点/开始] 样本=param0/100715345ee54d7ae38b52b4ee9d36a3；输入0形状=(29498, 3)；输入1形状=(3682, 3)
2026-09-10 19:29:22,049 INFO [rawprep/点到最近顶点/结束] 样本=param0/100715345ee54d7ae38b52b4ee9d36a3；耗时=0.017秒
2026-09-10 19:29:22,050 INFO [rawprep/表面法向/开始] 样本=param0/100715345ee54d7ae38b52b4ee9d36a3
2026-09-10 19:29:22,058 INFO [rawprep/表面法向/结束] 样本=param0/100715345ee54d7ae38b52b4ee9d36a3；耗时=0.008秒
2026-09-10 19:29:22,058 INFO [rawprep/重合点标记/开始] 样本=param0/100715345ee54d7ae38b52b4ee9d36a3；输入0形状=(29498, 3)；输入1形状=(3682, 3)
2026-09-10 19:29:22,068 INFO [rawprep/重合点标记/结果] 样本=param0/100715345ee54d7ae38b52b4ee9d36a3；形状=(29498,)；类型=bool
2026-09-10 19:29:22,068 INFO [rawprep/重合点标记/结束] 样本=param0/100715345ee54d7ae38b52b4ee9d36a3；耗时=0.010秒
2026-09-10 19:29:22,068 INFO [rawprep/样本几何派生/结束] 样本=param0/100715345ee54d7ae38b52b4ee9d36a3；耗时=0.037秒
2026-09-10 19:29:22,068 INFO [rawprep/样本字段选择/开始] 样本=param0/100715345ee54d7ae38b52b4ee9d36a3
2026-09-10 19:29:22,068 INFO [rawprep/坐标提取/开始] 样本=param0/100715345ee54d7ae38b52b4ee9d36a3
2026-09-10 19:29:22,069 INFO [rawprep/坐标提取/结果] 样本=param0/100715345ee54d7ae38b52b4ee9d36a3；形状=(29498, 3)；类型=float32
2026-09-10 19:29:22,069 INFO [rawprep/坐标提取/结束] 样本=param0/100715345ee54d7ae38b52b4ee9d36a3；耗时=0.000秒
2026-09-10 19:29:22,069 INFO [rawprep/坐标提取/开始] 样本=param0/100715345ee54d7ae38b52b4ee9d36a3
2026-09-10 19:29:22,069 INFO [rawprep/坐标提取/结果] 样本=param0/100715345ee54d7ae38b52b4ee9d36a3；形状=(3682, 3)；类型=float32
2026-09-10 19:29:22,069 INFO [rawprep/坐标提取/结束] 样本=param0/100715345ee54d7ae38b52b4ee9d36a3；耗时=0.000秒
2026-09-10 19:29:22,069 INFO [rawprep/样本字段选择/结束] 样本=param0/100715345ee54d7ae38b52b4ee9d36a3；耗时=0.000秒
2026-09-10 19:29:22,069 INFO [rawprep/样本字段校验/开始] 样本=param0/100715345ee54d7ae38b52b4ee9d36a3
2026-09-10 19:29:22,069 INFO [rawprep/字段身份校验/开始] 样本=param0/100715345ee54d7ae38b52b4ee9d36a3；sample=param0/100715345ee54d7ae38b52b4ee9d36a3
2026-09-10 19:29:22,071 INFO [rawprep/字段身份校验/结束] 样本=param0/100715345ee54d7ae38b52b4ee9d36a3；耗时=0.002秒
2026-09-10 19:29:22,071 INFO [rawprep/样本字段校验/结束] 样本=param0/100715345ee54d7ae38b52b4ee9d36a3；耗时=0.002秒
2026-09-10 19:29:22,071 INFO [rawprep/样本筛选/开始] 样本=param0/100715345ee54d7ae38b52b4ee9d36a3
2026-09-10 19:29:22,071 INFO [rawprep/记录筛选/开始] 样本=param0/100715345ee54d7ae38b52b4ee9d36a3
2026-09-10 19:29:22,071 INFO [rawprep/字段身份校验/开始] 样本=param0/100715345ee54d7ae38b52b4ee9d36a3
2026-09-10 19:29:22,073 INFO [rawprep/字段身份校验/结束] 样本=param0/100715345ee54d7ae38b52b4ee9d36a3；耗时=0.002秒
2026-09-10 19:29:22,074 INFO [rawprep/字段身份校验/开始] 样本=param0/100715345ee54d7ae38b52b4ee9d36a3
2026-09-10 19:29:22,075 INFO [rawprep/字段身份校验/结束] 样本=param0/100715345ee54d7ae38b52b4ee9d36a3；耗时=0.002秒
2026-09-10 19:29:22,075 INFO [rawprep/记录筛选/结束] 样本=param0/100715345ee54d7ae38b52b4ee9d36a3；耗时=0.004秒
2026-09-10 19:29:22,075 INFO [rawprep/字段身份校验/开始] 样本=param0/100715345ee54d7ae38b52b4ee9d36a3；sample=param0/100715345ee54d7ae38b52b4ee9d36a3
2026-09-10 19:29:22,077 INFO [rawprep/字段身份校验/结束] 样本=param0/100715345ee54d7ae38b52b4ee9d36a3；耗时=0.002秒
2026-09-10 19:29:22,077 INFO [rawprep/筛选/结果] 样本=param0/100715345ee54d7ae38b52b4ee9d36a3；组=surface:point；筛选前=3682；保留=3586；删除=96
2026-09-10 19:29:22,077 INFO [rawprep/筛选/结果] 样本=param0/100715345ee54d7ae38b52b4ee9d36a3；组=volume:point；筛选前=29498；保留=28504；删除=994
2026-09-10 19:29:22,077 INFO [rawprep/样本筛选/结束] 样本=param0/100715345ee54d7ae38b52b4ee9d36a3；耗时=0.006秒
2026-09-10 19:29:22,077 INFO [rawprep/样本字段校验/开始] 样本=param0/100715345ee54d7ae38b52b4ee9d36a3
2026-09-10 19:29:22,077 INFO [rawprep/字段身份校验/开始] 样本=param0/100715345ee54d7ae38b52b4ee9d36a3；sample=param0/100715345ee54d7ae38b52b4ee9d36a3
2026-09-10 19:29:22,079 INFO [rawprep/字段身份校验/结束] 样本=param0/100715345ee54d7ae38b52b4ee9d36a3；耗时=0.002秒
2026-09-10 19:29:22,079 INFO [rawprep/样本字段校验/结束] 样本=param0/100715345ee54d7ae38b52b4ee9d36a3；耗时=0.002秒
2026-09-10 19:29:22,079 INFO [rawprep/样本张量编码/开始] 样本=param0/100715345ee54d7ae38b52b4ee9d36a3
2026-09-10 19:29:22,079 INFO [rawprep/字段身份校验/开始] 样本=param0/100715345ee54d7ae38b52b4ee9d36a3；sample=param0/100715345ee54d7ae38b52b4ee9d36a3
2026-09-10 19:29:22,081 INFO [rawprep/字段身份校验/结束] 样本=param0/100715345ee54d7ae38b52b4ee9d36a3；耗时=0.002秒
2026-09-10 19:29:22,081 INFO [rawprep/张量编码/开始] 样本=param0/100715345ee54d7ae38b52b4ee9d36a3
2026-09-10 19:29:22,081 INFO [rawprep/张量编码/结果] 样本=param0/100715345ee54d7ae38b52b4ee9d36a3；形状=(3586,)；类型=torch.float32
2026-09-10 19:29:22,081 INFO [rawprep/张量编码/结束] 样本=param0/100715345ee54d7ae38b52b4ee9d36a3；耗时=0.000秒
2026-09-10 19:29:22,081 INFO [rawprep/张量编码/开始] 样本=param0/100715345ee54d7ae38b52b4ee9d36a3
2026-09-10 19:29:22,081 INFO [rawprep/张量编码/结果] 样本=param0/100715345ee54d7ae38b52b4ee9d36a3；形状=(3586, 3)；类型=torch.float32
2026-09-10 19:29:22,081 INFO [rawprep/张量编码/结束] 样本=param0/100715345ee54d7ae38b52b4ee9d36a3；耗时=0.000秒
2026-09-10 19:29:22,081 INFO [rawprep/张量编码/开始] 样本=param0/100715345ee54d7ae38b52b4ee9d36a3
2026-09-10 19:29:22,081 INFO [rawprep/张量编码/结果] 样本=param0/100715345ee54d7ae38b52b4ee9d36a3；形状=(28504, 3)；类型=torch.float32
2026-09-10 19:29:22,081 INFO [rawprep/张量编码/结束] 样本=param0/100715345ee54d7ae38b52b4ee9d36a3；耗时=0.000秒
2026-09-10 19:29:22,081 INFO [rawprep/张量编码/开始] 样本=param0/100715345ee54d7ae38b52b4ee9d36a3
2026-09-10 19:29:22,081 INFO [rawprep/张量编码/结果] 样本=param0/100715345ee54d7ae38b52b4ee9d36a3；形状=(28504, 3)；类型=torch.float32
2026-09-10 19:29:22,081 INFO [rawprep/张量编码/结束] 样本=param0/100715345ee54d7ae38b52b4ee9d36a3；耗时=0.000秒
2026-09-10 19:29:22,081 INFO [rawprep/张量编码/开始] 样本=param0/100715345ee54d7ae38b52b4ee9d36a3
2026-09-10 19:29:22,081 INFO [rawprep/张量编码/结果] 样本=param0/100715345ee54d7ae38b52b4ee9d36a3；形状=(3586, 3)；类型=torch.float32
2026-09-10 19:29:22,082 INFO [rawprep/张量编码/结束] 样本=param0/100715345ee54d7ae38b52b4ee9d36a3；耗时=0.000秒
2026-09-10 19:29:22,082 INFO [rawprep/张量编码/开始] 样本=param0/100715345ee54d7ae38b52b4ee9d36a3
2026-09-10 19:29:22,082 INFO [rawprep/张量编码/结果] 样本=param0/100715345ee54d7ae38b52b4ee9d36a3；形状=(28504, 3)；类型=torch.float32
2026-09-10 19:29:22,082 INFO [rawprep/张量编码/结束] 样本=param0/100715345ee54d7ae38b52b4ee9d36a3；耗时=0.000秒
2026-09-10 19:29:22,082 INFO [rawprep/张量编码/开始] 样本=param0/100715345ee54d7ae38b52b4ee9d36a3
2026-09-10 19:29:22,082 INFO [rawprep/张量编码/结果] 样本=param0/100715345ee54d7ae38b52b4ee9d36a3；形状=(28504,)；类型=torch.float32
2026-09-10 19:29:22,082 INFO [rawprep/张量编码/结束] 样本=param0/100715345ee54d7ae38b52b4ee9d36a3；耗时=0.000秒
2026-09-10 19:29:22,082 INFO [rawprep/样本张量编码/结束] 样本=param0/100715345ee54d7ae38b52b4ee9d36a3；耗时=0.003秒
2026-09-10 19:29:22,082 INFO [rawprep/样本提交/开始] 样本=param0/100715345ee54d7ae38b52b4ee9d36a3；分片=test
2026-09-10 19:29:22,082 INFO [rawprep/输出规划/开始] 样本=param0/100715345ee54d7ae38b52b4ee9d36a3；overwrite=False；来源=/private/tmp/dojo-integrated-acceptance/platform/projects/812a943bb9f44a9aaaed8174460f1e01/tasks/7b20f38045a74e10a397ffa7f1d1ebbe/data/78393ab143ae42e1a07c712210d0e4fc/test/param0/100715345ee54d7ae38b52b4ee9d36a3
2026-09-10 19:29:22,082 INFO [rawprep/输出规划/结束] 样本=param0/100715345ee54d7ae38b52b4ee9d36a3；耗时=0.000秒
2026-09-10 19:29:22,083 INFO [rawprep/张量提交/开始] 样本=param0/100715345ee54d7ae38b52b4ee9d36a3；overwrite=False；来源=/private/tmp/dojo-integrated-acceptance/platform/projects/812a943bb9f44a9aaaed8174460f1e01/tasks/7b20f38045a74e10a397ffa7f1d1ebbe/data/78393ab143ae42e1a07c712210d0e4fc/test/param0/100715345ee54d7ae38b52b4ee9d36a3
2026-09-10 19:29:22,083 INFO [rawprep/输出规划/开始] 样本=param0/100715345ee54d7ae38b52b4ee9d36a3；overwrite=False；来源=/private/tmp/dojo-integrated-acceptance/platform/projects/812a943bb9f44a9aaaed8174460f1e01/tasks/7b20f38045a74e10a397ffa7f1d1ebbe/data/78393ab143ae42e1a07c712210d0e4fc/test/param0/100715345ee54d7ae38b52b4ee9d36a3
2026-09-10 19:29:22,083 INFO [rawprep/输出规划/结束] 样本=param0/100715345ee54d7ae38b52b4ee9d36a3；耗时=0.000秒
2026-09-10 19:29:22,089 INFO [rawprep/张量提交/结束] 样本=param0/100715345ee54d7ae38b52b4ee9d36a3；耗时=0.006秒
2026-09-10 19:29:22,090 INFO [rawprep/样本提交/结果] 样本=param0/100715345ee54d7ae38b52b4ee9d36a3；目标=/private/tmp/dojo-integrated-acceptance/platform/projects/812a943bb9f44a9aaaed8174460f1e01/tasks/7b20f38045a74e10a397ffa7f1d1ebbe/data/78393ab143ae42e1a07c712210d0e4fc/test/param0/100715345ee54d7ae38b52b4ee9d36a3；文件数=2；状态=已提交
2026-09-10 19:29:22,090 INFO [rawprep/样本提交/结束] 样本=param0/100715345ee54d7ae38b52b4ee9d36a3；耗时=0.008秒
2026-09-10 19:29:22,090 INFO [rawprep/批量前处理/进度] 完成=2；总数=2；失败=0；未执行=0
2026-09-10 19:29:22,090 INFO [rawprep/批量前处理/结束] 耗时=0.200秒
2026-09-10 19:29:22,090 INFO [rawprep/统计/开始] 方法=reference；参数来源=/Users/zonghui/work/new_code_project/AI4E_Dojo/.venv/lib/python3.12/site-packages/ai4e_contrib/application/datasets/shapenet_car/statistics.yaml
2026-09-10 19:29:22,090 INFO [rawprep/统计参数读取/开始] 来源=/Users/zonghui/work/new_code_project/AI4E_Dojo/.venv/lib/python3.12/site-packages/ai4e_contrib/application/datasets/shapenet_car/statistics.yaml
2026-09-10 19:29:22,091 INFO [rawprep/统计参数读取/结束] 耗时=0.001秒
2026-09-10 19:29:22,091 INFO [rawprep/统计/结束] 耗时=0.001秒
2026-09-10 19:29:22,091 INFO [rawprep/数据清单/开始] 状态=physical；归一化=未执行
2026-09-10 19:29:22,092 INFO [rawprep/数据清单/结束] 耗时=0.001秒
2026-09-10 19:29:22,092 INFO [rawprep/阶段/结束] 耗时=2.140秒
2026-09-10 19:29:22,092 INFO [运行/结束] 状态=成功；成功=2；失败=0；未执行=0；耗时=2.141秒
