2026-09-10 19:53:27,941 INFO [运行/开始] 脚本=/private/tmp/dojo-integrated-acceptance/platform/projects/812a943bb9f44a9aaaed8174460f1e01/tasks/00c740296d0d42babce701cf2709a692/.dojo/executions/5f07fc3030c14832befc4b516a28b8e3/code/pipeline.py；运行目录=/private/tmp/dojo-integrated-acceptance/platform/projects/812a943bb9f44a9aaaed8174460f1e01/tasks/00c740296d0d42babce701cf2709a692/runs/5f07fc3030c14832befc4b516a28b8e3；生效配置=inputs/config.yaml
2026-09-10 19:53:27,941 INFO [post/阶段/开始] 
2026-09-10 19:53:28,023 INFO [post/张量读取/开始] 来源=/private/tmp/dojo-integrated-acceptance/platform/projects/812a943bb9f44a9aaaed8174460f1e01/tasks/00c740296d0d42babce701cf2709a692/data/a3bc068ecedf48b8b2a77994fcf2bca7/train/param1/1dc58be25e1b6e5675cad724c63e222e/first.pt
2026-09-10 19:53:28,024 INFO [post/张量读取/结束] 耗时=0.001秒
2026-09-10 19:53:28,025 INFO [post/张量读取/开始] 来源=/private/tmp/dojo-integrated-acceptance/platform/projects/812a943bb9f44a9aaaed8174460f1e01/tasks/00c740296d0d42babce701cf2709a692/data/a3bc068ecedf48b8b2a77994fcf2bca7/train/param1/1dc58be25e1b6e5675cad724c63e222e/second.pt
2026-09-10 19:53:28,025 INFO [post/张量读取/结束] 耗时=0.000秒
2026-09-10 19:53:28,486 INFO [post/张量读取/开始] 样本=[{'sample_id': 'param0/100715345ee54d7ae38b52b4ee9d36a3', 'index': None, 'partition': 'test'}]；来源=/private/tmp/dojo-integrated-acceptance/platform/projects/812a943bb9f44a9aaaed8174460f1e01/tasks/00c740296d0d42babce701cf2709a692/data/a3bc068ecedf48b8b2a77994fcf2bca7/test/param0/100715345ee54d7ae38b52b4ee9d36a3/first.pt
2026-09-10 19:53:28,487 INFO [post/张量读取/结束] 样本=[{'sample_id': 'param0/100715345ee54d7ae38b52b4ee9d36a3', 'index': None, 'partition': 'test'}]；耗时=0.001秒
2026-09-10 19:53:28,487 INFO [post/张量读取/开始] 样本=[{'sample_id': 'param0/100715345ee54d7ae38b52b4ee9d36a3', 'index': None, 'partition': 'test'}]；来源=/private/tmp/dojo-integrated-acceptance/platform/projects/812a943bb9f44a9aaaed8174460f1e01/tasks/00c740296d0d42babce701cf2709a692/data/a3bc068ecedf48b8b2a77994fcf2bca7/test/param0/100715345ee54d7ae38b52b4ee9d36a3/second.pt
2026-09-10 19:53:28,488 INFO [post/张量读取/结束] 样本=[{'sample_id': 'param0/100715345ee54d7ae38b52b4ee9d36a3', 'index': None, 'partition': 'test'}]；耗时=0.000秒
2026-09-10 19:53:34,206 INFO [post/张量提交/开始] 样本=[{'sample_id': 'param0/100715345ee54d7ae38b52b4ee9d36a3', 'index': None, 'partition': 'test'}]；overwrite=False；来源=/private/tmp/dojo-integrated-acceptance/platform/projects/812a943bb9f44a9aaaed8174460f1e01/tasks/00c740296d0d42babce701cf2709a692/data/5f07fc3030c14832befc4b516a28b8e3/predictions/param0/100715345ee54d7ae38b52b4ee9d36a3
2026-09-10 19:53:34,206 INFO [post/输出规划/开始] 样本=[{'sample_id': 'param0/100715345ee54d7ae38b52b4ee9d36a3', 'index': None, 'partition': 'test'}]；overwrite=False；来源=/private/tmp/dojo-integrated-acceptance/platform/projects/812a943bb9f44a9aaaed8174460f1e01/tasks/00c740296d0d42babce701cf2709a692/data/5f07fc3030c14832befc4b516a28b8e3/predictions/param0/100715345ee54d7ae38b52b4ee9d36a3
2026-09-10 19:53:34,206 INFO [post/输出规划/结束] 样本=[{'sample_id': 'param0/100715345ee54d7ae38b52b4ee9d36a3', 'index': None, 'partition': 'test'}]；耗时=0.000秒
2026-09-10 19:53:34,211 INFO [post/张量提交/结束] 样本=[{'sample_id': 'param0/100715345ee54d7ae38b52b4ee9d36a3', 'index': None, 'partition': 'test'}]；耗时=0.005秒
2026-09-10 19:53:35,148 INFO [post/张量读取/开始] 样本=[{'sample_id': 'param0/100715345ee54d7ae38b52b4ee9d36a3', 'index': None, 'partition': 'test'}]；来源=/private/tmp/dojo-integrated-acceptance/platform/projects/812a943bb9f44a9aaaed8174460f1e01/tasks/00c740296d0d42babce701cf2709a692/data/5f07fc3030c14832befc4b516a28b8e3/predictions/param0/100715345ee54d7ae38b52b4ee9d36a3/surface.position.pt
2026-09-10 19:53:35,149 INFO [post/张量读取/结果] 样本=[{'sample_id': 'param0/100715345ee54d7ae38b52b4ee9d36a3', 'index': None, 'partition': 'test'}]；形状=(3586, 3)；类型=torch.float32
2026-09-10 19:53:35,149 INFO [post/张量读取/结束] 样本=[{'sample_id': 'param0/100715345ee54d7ae38b52b4ee9d36a3', 'index': None, 'partition': 'test'}]；耗时=0.001秒
2026-09-10 19:53:35,149 INFO [post/张量读取/开始] 样本=[{'sample_id': 'param0/100715345ee54d7ae38b52b4ee9d36a3', 'index': None, 'partition': 'test'}]；来源=/private/tmp/dojo-integrated-acceptance/platform/projects/812a943bb9f44a9aaaed8174460f1e01/tasks/00c740296d0d42babce701cf2709a692/data/5f07fc3030c14832befc4b516a28b8e3/predictions/param0/100715345ee54d7ae38b52b4ee9d36a3/surface.ids.pt
2026-09-10 19:53:35,150 INFO [post/张量读取/结果] 样本=[{'sample_id': 'param0/100715345ee54d7ae38b52b4ee9d36a3', 'index': None, 'partition': 'test'}]；形状=(3586,)；类型=torch.int64
2026-09-10 19:53:35,150 INFO [post/张量读取/结束] 样本=[{'sample_id': 'param0/100715345ee54d7ae38b52b4ee9d36a3', 'index': None, 'partition': 'test'}]；耗时=0.001秒
2026-09-10 19:53:35,150 INFO [post/张量读取/开始] 样本=[{'sample_id': 'param0/100715345ee54d7ae38b52b4ee9d36a3', 'index': None, 'partition': 'test'}]；来源=/private/tmp/dojo-integrated-acceptance/platform/projects/812a943bb9f44a9aaaed8174460f1e01/tasks/00c740296d0d42babce701cf2709a692/data/5f07fc3030c14832befc4b516a28b8e3/predictions/param0/100715345ee54d7ae38b52b4ee9d36a3/surface.pressure.prediction.pt
2026-09-10 19:53:35,150 INFO [post/张量读取/结果] 样本=[{'sample_id': 'param0/100715345ee54d7ae38b52b4ee9d36a3', 'index': None, 'partition': 'test'}]；形状=(3586, 1)；类型=torch.float32
2026-09-10 19:53:35,150 INFO [post/张量读取/结束] 样本=[{'sample_id': 'param0/100715345ee54d7ae38b52b4ee9d36a3', 'index': None, 'partition': 'test'}]；耗时=0.000秒
2026-09-10 19:53:35,150 INFO [post/张量读取/开始] 样本=[{'sample_id': 'param0/100715345ee54d7ae38b52b4ee9d36a3', 'index': None, 'partition': 'test'}]；来源=/private/tmp/dojo-integrated-acceptance/platform/projects/812a943bb9f44a9aaaed8174460f1e01/tasks/00c740296d0d42babce701cf2709a692/data/5f07fc3030c14832befc4b516a28b8e3/predictions/param0/100715345ee54d7ae38b52b4ee9d36a3/surface.pressure.truth.pt
2026-09-10 19:53:35,151 INFO [post/张量读取/结果] 样本=[{'sample_id': 'param0/100715345ee54d7ae38b52b4ee9d36a3', 'index': None, 'partition': 'test'}]；形状=(3586, 1)；类型=torch.float32
2026-09-10 19:53:35,151 INFO [post/张量读取/结束] 样本=[{'sample_id': 'param0/100715345ee54d7ae38b52b4ee9d36a3', 'index': None, 'partition': 'test'}]；耗时=0.001秒
2026-09-10 19:53:35,191 INFO [post/阶段/结束] 耗时=7.249秒
2026-09-10 19:53:35,192 INFO [运行/结束] 状态=成功；成功=0；失败=0；未执行=0；耗时=7.251秒
