2026-09-10 19:53:15,465 INFO [运行/开始] 脚本=/private/tmp/dojo-integrated-acceptance/platform/projects/812a943bb9f44a9aaaed8174460f1e01/tasks/7b20f38045a74e10a397ffa7f1d1ebbe/.dojo/executions/4d175b5c57874fe09f04469150f62a84/code/pipeline.py；运行目录=/private/tmp/dojo-integrated-acceptance/platform/projects/812a943bb9f44a9aaaed8174460f1e01/tasks/7b20f38045a74e10a397ffa7f1d1ebbe/runs/4d175b5c57874fe09f04469150f62a84；生效配置=inputs/config.yaml
2026-09-10 19:53:15,465 INFO [post/阶段/开始] 
2026-09-10 19:53:15,516 INFO [post/张量读取/开始] 来源=/private/tmp/dojo-integrated-acceptance/platform/projects/812a943bb9f44a9aaaed8174460f1e01/tasks/7b20f38045a74e10a397ffa7f1d1ebbe/data/78393ab143ae42e1a07c712210d0e4fc/train/param1/1dc58be25e1b6e5675cad724c63e222e/first.pt
2026-09-10 19:53:15,517 INFO [post/张量读取/结束] 耗时=0.001秒
2026-09-10 19:53:15,517 INFO [post/张量读取/开始] 来源=/private/tmp/dojo-integrated-acceptance/platform/projects/812a943bb9f44a9aaaed8174460f1e01/tasks/7b20f38045a74e10a397ffa7f1d1ebbe/data/78393ab143ae42e1a07c712210d0e4fc/train/param1/1dc58be25e1b6e5675cad724c63e222e/second.pt
2026-09-10 19:53:15,518 INFO [post/张量读取/结束] 耗时=0.000秒
2026-09-10 19:53:16,965 INFO [post/张量读取/开始] 样本=[{'sample_id': 'param0/100715345ee54d7ae38b52b4ee9d36a3', 'index': None, 'partition': 'test'}]；来源=/private/tmp/dojo-integrated-acceptance/platform/projects/812a943bb9f44a9aaaed8174460f1e01/tasks/7b20f38045a74e10a397ffa7f1d1ebbe/data/78393ab143ae42e1a07c712210d0e4fc/test/param0/100715345ee54d7ae38b52b4ee9d36a3/first.pt
2026-09-10 19:53:16,966 INFO [post/张量读取/结束] 样本=[{'sample_id': 'param0/100715345ee54d7ae38b52b4ee9d36a3', 'index': None, 'partition': 'test'}]；耗时=0.001秒
2026-09-10 19:53:16,966 INFO [post/张量读取/开始] 样本=[{'sample_id': 'param0/100715345ee54d7ae38b52b4ee9d36a3', 'index': None, 'partition': 'test'}]；来源=/private/tmp/dojo-integrated-acceptance/platform/projects/812a943bb9f44a9aaaed8174460f1e01/tasks/7b20f38045a74e10a397ffa7f1d1ebbe/data/78393ab143ae42e1a07c712210d0e4fc/test/param0/100715345ee54d7ae38b52b4ee9d36a3/second.pt
2026-09-10 19:53:16,966 INFO [post/张量读取/结束] 样本=[{'sample_id': 'param0/100715345ee54d7ae38b52b4ee9d36a3', 'index': None, 'partition': 'test'}]；耗时=0.000秒
2026-09-10 19:53:17,927 INFO [post/张量提交/开始] 样本=[{'sample_id': 'param0/100715345ee54d7ae38b52b4ee9d36a3', 'index': None, 'partition': 'test'}]；overwrite=False；来源=/private/tmp/dojo-integrated-acceptance/platform/projects/812a943bb9f44a9aaaed8174460f1e01/tasks/7b20f38045a74e10a397ffa7f1d1ebbe/data/4d175b5c57874fe09f04469150f62a84/predictions/param0/100715345ee54d7ae38b52b4ee9d36a3
2026-09-10 19:53:17,927 INFO [post/输出规划/开始] 样本=[{'sample_id': 'param0/100715345ee54d7ae38b52b4ee9d36a3', 'index': None, 'partition': 'test'}]；overwrite=False；来源=/private/tmp/dojo-integrated-acceptance/platform/projects/812a943bb9f44a9aaaed8174460f1e01/tasks/7b20f38045a74e10a397ffa7f1d1ebbe/data/4d175b5c57874fe09f04469150f62a84/predictions/param0/100715345ee54d7ae38b52b4ee9d36a3
2026-09-10 19:53:17,927 INFO [post/输出规划/结束] 样本=[{'sample_id': 'param0/100715345ee54d7ae38b52b4ee9d36a3', 'index': None, 'partition': 'test'}]；耗时=0.000秒
2026-09-10 19:53:17,933 INFO [post/张量提交/结束] 样本=[{'sample_id': 'param0/100715345ee54d7ae38b52b4ee9d36a3', 'index': None, 'partition': 'test'}]；耗时=0.006秒
2026-09-10 19:53:18,981 INFO [post/张量读取/开始] 样本=[{'sample_id': 'param0/100715345ee54d7ae38b52b4ee9d36a3', 'index': None, 'partition': 'test'}]；来源=/private/tmp/dojo-integrated-acceptance/platform/projects/812a943bb9f44a9aaaed8174460f1e01/tasks/7b20f38045a74e10a397ffa7f1d1ebbe/data/4d175b5c57874fe09f04469150f62a84/predictions/param0/100715345ee54d7ae38b52b4ee9d36a3/surface.position.pt
2026-09-10 19:53:18,981 INFO [post/张量读取/结果] 样本=[{'sample_id': 'param0/100715345ee54d7ae38b52b4ee9d36a3', 'index': None, 'partition': 'test'}]；形状=(3586, 3)；类型=torch.float32
2026-09-10 19:53:18,982 INFO [post/张量读取/结束] 样本=[{'sample_id': 'param0/100715345ee54d7ae38b52b4ee9d36a3', 'index': None, 'partition': 'test'}]；耗时=0.000秒
2026-09-10 19:53:18,982 INFO [post/张量读取/开始] 样本=[{'sample_id': 'param0/100715345ee54d7ae38b52b4ee9d36a3', 'index': None, 'partition': 'test'}]；来源=/private/tmp/dojo-integrated-acceptance/platform/projects/812a943bb9f44a9aaaed8174460f1e01/tasks/7b20f38045a74e10a397ffa7f1d1ebbe/data/4d175b5c57874fe09f04469150f62a84/predictions/param0/100715345ee54d7ae38b52b4ee9d36a3/surface.ids.pt
2026-09-10 19:53:18,982 INFO [post/张量读取/结果] 样本=[{'sample_id': 'param0/100715345ee54d7ae38b52b4ee9d36a3', 'index': None, 'partition': 'test'}]；形状=(3586,)；类型=torch.int64
2026-09-10 19:53:18,982 INFO [post/张量读取/结束] 样本=[{'sample_id': 'param0/100715345ee54d7ae38b52b4ee9d36a3', 'index': None, 'partition': 'test'}]；耗时=0.000秒
2026-09-10 19:53:18,982 INFO [post/张量读取/开始] 样本=[{'sample_id': 'param0/100715345ee54d7ae38b52b4ee9d36a3', 'index': None, 'partition': 'test'}]；来源=/private/tmp/dojo-integrated-acceptance/platform/projects/812a943bb9f44a9aaaed8174460f1e01/tasks/7b20f38045a74e10a397ffa7f1d1ebbe/data/4d175b5c57874fe09f04469150f62a84/predictions/param0/100715345ee54d7ae38b52b4ee9d36a3/surface.pressure.prediction.pt
2026-09-10 19:53:18,982 INFO [post/张量读取/结果] 样本=[{'sample_id': 'param0/100715345ee54d7ae38b52b4ee9d36a3', 'index': None, 'partition': 'test'}]；形状=(3586, 1)；类型=torch.float32
2026-09-10 19:53:18,982 INFO [post/张量读取/结束] 样本=[{'sample_id': 'param0/100715345ee54d7ae38b52b4ee9d36a3', 'index': None, 'partition': 'test'}]；耗时=0.000秒
2026-09-10 19:53:18,982 INFO [post/张量读取/开始] 样本=[{'sample_id': 'param0/100715345ee54d7ae38b52b4ee9d36a3', 'index': None, 'partition': 'test'}]；来源=/private/tmp/dojo-integrated-acceptance/platform/projects/812a943bb9f44a9aaaed8174460f1e01/tasks/7b20f38045a74e10a397ffa7f1d1ebbe/data/4d175b5c57874fe09f04469150f62a84/predictions/param0/100715345ee54d7ae38b52b4ee9d36a3/surface.pressure.truth.pt
2026-09-10 19:53:18,983 INFO [post/张量读取/结果] 样本=[{'sample_id': 'param0/100715345ee54d7ae38b52b4ee9d36a3', 'index': None, 'partition': 'test'}]；形状=(3586, 1)；类型=torch.float32
2026-09-10 19:53:18,983 INFO [post/张量读取/结束] 样本=[{'sample_id': 'param0/100715345ee54d7ae38b52b4ee9d36a3', 'index': None, 'partition': 'test'}]；耗时=0.000秒
2026-09-10 19:53:19,006 INFO [post/张量读取/开始] 样本=[{'sample_id': 'param0/100715345ee54d7ae38b52b4ee9d36a3', 'index': None, 'partition': 'test'}]；来源=/private/tmp/dojo-integrated-acceptance/platform/projects/812a943bb9f44a9aaaed8174460f1e01/tasks/7b20f38045a74e10a397ffa7f1d1ebbe/data/4d175b5c57874fe09f04469150f62a84/predictions/param0/100715345ee54d7ae38b52b4ee9d36a3/volume.position.pt
2026-09-10 19:53:19,006 INFO [post/张量读取/结果] 样本=[{'sample_id': 'param0/100715345ee54d7ae38b52b4ee9d36a3', 'index': None, 'partition': 'test'}]；形状=(28504, 3)；类型=torch.float32
2026-09-10 19:53:19,006 INFO [post/张量读取/结束] 样本=[{'sample_id': 'param0/100715345ee54d7ae38b52b4ee9d36a3', 'index': None, 'partition': 'test'}]；耗时=0.001秒
2026-09-10 19:53:19,006 INFO [post/张量读取/开始] 样本=[{'sample_id': 'param0/100715345ee54d7ae38b52b4ee9d36a3', 'index': None, 'partition': 'test'}]；来源=/private/tmp/dojo-integrated-acceptance/platform/projects/812a943bb9f44a9aaaed8174460f1e01/tasks/7b20f38045a74e10a397ffa7f1d1ebbe/data/4d175b5c57874fe09f04469150f62a84/predictions/param0/100715345ee54d7ae38b52b4ee9d36a3/volume.ids.pt
2026-09-10 19:53:19,007 INFO [post/张量读取/结果] 样本=[{'sample_id': 'param0/100715345ee54d7ae38b52b4ee9d36a3', 'index': None, 'partition': 'test'}]；形状=(28504,)；类型=torch.int64
2026-09-10 19:53:19,007 INFO [post/张量读取/结束] 样本=[{'sample_id': 'param0/100715345ee54d7ae38b52b4ee9d36a3', 'index': None, 'partition': 'test'}]；耗时=0.000秒
2026-09-10 19:53:19,007 INFO [post/张量读取/开始] 样本=[{'sample_id': 'param0/100715345ee54d7ae38b52b4ee9d36a3', 'index': None, 'partition': 'test'}]；来源=/private/tmp/dojo-integrated-acceptance/platform/projects/812a943bb9f44a9aaaed8174460f1e01/tasks/7b20f38045a74e10a397ffa7f1d1ebbe/data/4d175b5c57874fe09f04469150f62a84/predictions/param0/100715345ee54d7ae38b52b4ee9d36a3/volume.velocity.prediction.pt
2026-09-10 19:53:19,007 INFO [post/张量读取/结果] 样本=[{'sample_id': 'param0/100715345ee54d7ae38b52b4ee9d36a3', 'index': None, 'partition': 'test'}]；形状=(28504, 3)；类型=torch.float32
2026-09-10 19:53:19,007 INFO [post/张量读取/结束] 样本=[{'sample_id': 'param0/100715345ee54d7ae38b52b4ee9d36a3', 'index': None, 'partition': 'test'}]；耗时=0.000秒
2026-09-10 19:53:19,007 INFO [post/张量读取/开始] 样本=[{'sample_id': 'param0/100715345ee54d7ae38b52b4ee9d36a3', 'index': None, 'partition': 'test'}]；来源=/private/tmp/dojo-integrated-acceptance/platform/projects/812a943bb9f44a9aaaed8174460f1e01/tasks/7b20f38045a74e10a397ffa7f1d1ebbe/data/4d175b5c57874fe09f04469150f62a84/predictions/param0/100715345ee54d7ae38b52b4ee9d36a3/volume.velocity.truth.pt
2026-09-10 19:53:19,007 INFO [post/张量读取/结果] 样本=[{'sample_id': 'param0/100715345ee54d7ae38b52b4ee9d36a3', 'index': None, 'partition': 'test'}]；形状=(28504, 3)；类型=torch.float32
2026-09-10 19:53:19,007 INFO [post/张量读取/结束] 样本=[{'sample_id': 'param0/100715345ee54d7ae38b52b4ee9d36a3', 'index': None, 'partition': 'test'}]；耗时=0.000秒
2026-09-10 19:53:19,219 INFO [post/阶段/结束] 耗时=3.754秒
2026-09-10 19:53:19,220 INFO [运行/结束] 状态=成功；成功=0；失败=0；未执行=0；耗时=3.755秒
