
> ai4e-vizreport@1.0.0 build
> vite build

vite v5.4.21 building for production...
transforming...
✓ 4623 modules transformed.
rendering chunks...
computing gzip size...
dist/index.html                                          2.18 kB │ gzip:     1.06 kB
dist/assets/index-DHD47_hE.css                           1.17 kB │ gzip:     0.55 kB
dist/assets/ReactFlowRenderer-BnuhLJ6X.css              15.87 kB │ gzip:     2.67 kB
dist/assets/index-7mwDQ9Q9.css                          52.57 kB │ gzip:    10.52 kB
dist/assets/PageTitle-DszT9-Rg.js                        1.03 kB │ gzip:     0.61 kB
dist/assets/VegaRenderer-CWKUiecU.js                     1.44 kB │ gzip:     0.89 kB
dist/assets/index-Cga3fb_N.js                            1.58 kB │ gzip:     0.83 kB
dist/assets/PlotlyRenderer-BXizTz4I.js                   2.49 kB │ gzip:     1.29 kB
dist/assets/index-GIAdLRRn.js                            5.75 kB │ gzip:     2.83 kB
dist/assets/SaveOutlined-DETF3Md4.js                     8.60 kB │ gzip:     3.05 kB
dist/assets/cubic-DGNd4W1r.js                           15.91 kB │ gzip:     6.73 kB
dist/assets/fallback-6ARuPT5h.js                        16.56 kB │ gzip:     6.31 kB
dist/assets/index-Bv4W3dLw.js                           17.90 kB │ gzip:     7.08 kB
dist/assets/index-EAUalSX3.js                           24.53 kB │ gzip:     8.33 kB
dist/assets/index-BVRRj2TI.js                           27.02 kB │ gzip:     9.21 kB
dist/assets/index-DJN6T_Tb.js                           36.14 kB │ gzip:    13.83 kB
dist/assets/perspective-viewer-QwTm0xiN.js              56.70 kB │ gzip:    13.51 kB
dist/assets/index-BNYjTj_K.js                           73.24 kB │ gzip:    25.49 kB
dist/assets/EChartsRenderer-cU5CKcDc.js                109.74 kB │ gzip:    37.13 kB
dist/assets/perspective-viewer-datagrid-Cyd5G3Du.js    131.72 kB │ gzip:    38.61 kB
dist/assets/ReactFlowRenderer-CM2Vjxy0.js              169.80 kB │ gzip:    53.94 kB
dist/assets/installSVGRenderer-f7Gnz3PF.js             624.83 kB │ gzip:   213.13 kB
dist/assets/embed-COCgrEGz.js                          850.01 kB │ gzip:   291.27 kB
dist/assets/index-ClERZ6om.js                        1,284.57 kB │ gzip:   406.32 kB
dist/assets/plotly.min-BWN9asfa.js                   4,840.47 kB │ gzip: 1,458.21 kB

(!) Some chunks are larger than 500 kB after minification. Consider:
- Using dynamic import() to code-split the application
- Use build.rollupOptions.output.manualChunks to improve chunking: https://rollupjs.org/configuration-options/#output-manualchunks
- Adjust chunk size limit for this warning via build.chunkSizeWarningLimit.
✓ built in 11.08s
