INFO [运行/开始] 脚本=/private/tmp/dojo-regroup-20260909/recipe/pipeline.py；运行目录=/private/tmp/dojo-regroup-20260909/runs/2026-09-09T18-40-50_fb0006；生效配置=inputs/config.yaml
INFO [rawprep/阶段/开始] 
INFO [rawprep/数据集/开始] root=/Users/zonghui/work/datasets/shapenet_car_cfd/mlcfd_data/training_data
INFO [rawprep/数据集/选择结果] 样本总数=889；train=789；test=100
INFO [rawprep/数据集/结束] 耗时=0.080秒
INFO [rawprep/批量前处理/开始] 样本数=889
INFO [rawprep/阶段/运行中] 已耗时=10.01秒；状态=底层计算尚未返回
INFO [rawprep/批量前处理/运行中] 已耗时=10.01秒；状态=底层计算尚未返回
INFO [rawprep/批量前处理/进度] 完成=109；总数=889；失败=0；未执行=780
INFO [rawprep/阶段/运行中] 已耗时=20.01秒；状态=底层计算尚未返回
INFO [rawprep/批量前处理/运行中] 已耗时=20.02秒；状态=底层计算尚未返回
INFO [rawprep/批量前处理/进度] 完成=217；总数=889；失败=0；未执行=672
INFO [rawprep/阶段/运行中] 已耗时=30.02秒；状态=底层计算尚未返回
INFO [rawprep/批量前处理/运行中] 已耗时=30.02秒；状态=底层计算尚未返回
INFO [rawprep/批量前处理/进度] 完成=326；总数=889；失败=0；未执行=563
INFO [rawprep/阶段/运行中] 已耗时=40.03秒；状态=底层计算尚未返回
INFO [rawprep/批量前处理/运行中] 已耗时=40.03秒；状态=底层计算尚未返回
INFO [rawprep/批量前处理/进度] 完成=433；总数=889；失败=0；未执行=456
INFO [rawprep/阶段/运行中] 已耗时=50.03秒；状态=底层计算尚未返回
INFO [rawprep/批量前处理/运行中] 已耗时=50.04秒；状态=底层计算尚未返回
INFO [rawprep/批量前处理/进度] 完成=541；总数=889；失败=0；未执行=348
INFO [rawprep/阶段/运行中] 已耗时=60.04秒；状态=底层计算尚未返回
INFO [rawprep/批量前处理/运行中] 已耗时=60.05秒；状态=底层计算尚未返回
INFO [rawprep/批量前处理/进度] 完成=648；总数=889；失败=0；未执行=241
INFO [rawprep/阶段/运行中] 已耗时=70.05秒；状态=底层计算尚未返回
INFO [rawprep/批量前处理/运行中] 已耗时=70.05秒；状态=底层计算尚未返回
INFO [rawprep/批量前处理/进度] 完成=755；总数=889；失败=0；未执行=134
INFO [rawprep/阶段/运行中] 已耗时=80.06秒；状态=底层计算尚未返回
INFO [rawprep/批量前处理/运行中] 已耗时=80.06秒；状态=底层计算尚未返回
INFO [rawprep/批量前处理/进度] 完成=858；总数=889；失败=0；未执行=31
INFO [rawprep/批量前处理/进度] 完成=889；总数=889；失败=0；未执行=0
INFO [rawprep/批量前处理/结束] 耗时=83.371秒
INFO [rawprep/统计/开始] 方法=reference；参数来源=/Users/zonghui/work/new_code_project/AI4E_Dojo/.venv/lib/python3.12/site-packages/ai4e_contrib/application/datasets/shapenet_car/statistics.yaml
INFO [rawprep/统计/结束] 耗时=0.001秒
INFO [rawprep/数据清单/开始] 状态=physical；归一化=未执行
INFO [rawprep/数据清单/结束] 耗时=0.036秒
INFO [rawprep/阶段/结束] 耗时=83.612秒
INFO [trainprep/阶段/开始] 
INFO [trainprep/阶段/结束] 耗时=6.319秒
INFO [train/阶段/开始] 
/Users/zonghui/work/new_code_project/AI4E_Dojo/.venv/lib/python3.12/site-packages/torch/jit/_script.py:1491: FutureWarning: `torch.jit.script` is deprecated. Please switch to `torch.compile` or `torch.export`.
  warnings.warn(
INFO [train/阶段/运行中] 已耗时=10.01秒；状态=底层计算尚未返回
INFO [train/阶段/运行中] 已耗时=20.02秒；状态=底层计算尚未返回
INFO [train/阶段/运行中] 已耗时=30.03秒；状态=底层计算尚未返回
INFO [train/阶段/运行中] 已耗时=40.04秒；状态=底层计算尚未返回
INFO [train/阶段/运行中] 已耗时=50.04秒；状态=底层计算尚未返回
INFO [train/阶段/运行中] 已耗时=60.05秒；状态=底层计算尚未返回
INFO [train/阶段/运行中] 已耗时=70.06秒；状态=底层计算尚未返回
INFO [train/阶段/运行中] 已耗时=80.06秒；状态=底层计算尚未返回
INFO [train/阶段/运行中] 已耗时=90.07秒；状态=底层计算尚未返回
INFO [train/阶段/运行中] 已耗时=100.08秒；状态=底层计算尚未返回
INFO [train/阶段/运行中] 已耗时=110.08秒；状态=底层计算尚未返回
INFO [train/阶段/运行中] 已耗时=120.09秒；状态=底层计算尚未返回
INFO [train/阶段/运行中] 已耗时=130.10秒；状态=底层计算尚未返回
INFO [train/阶段/运行中] 已耗时=140.12秒；状态=底层计算尚未返回
INFO [train/阶段/运行中] 已耗时=150.13秒；状态=底层计算尚未返回
INFO [train/阶段/运行中] 已耗时=160.13秒；状态=底层计算尚未返回
INFO [train/阶段/运行中] 已耗时=170.14秒；状态=底层计算尚未返回
INFO [train/阶段/运行中] 已耗时=180.15秒；状态=底层计算尚未返回
INFO [train/阶段/运行中] 已耗时=190.16秒；状态=底层计算尚未返回
INFO [train/阶段/运行中] 已耗时=200.16秒；状态=底层计算尚未返回
INFO [train/阶段/运行中] 已耗时=210.17秒；状态=底层计算尚未返回
INFO [train/阶段/运行中] 已耗时=220.18秒；状态=底层计算尚未返回
INFO [train/阶段/运行中] 已耗时=230.19秒；状态=底层计算尚未返回
INFO [train/阶段/运行中] 已耗时=240.19秒；状态=底层计算尚未返回
INFO [train/阶段/运行中] 已耗时=250.20秒；状态=底层计算尚未返回
INFO [train/阶段/运行中] 已耗时=260.21秒；状态=底层计算尚未返回
INFO [train/阶段/运行中] 已耗时=270.22秒；状态=底层计算尚未返回
INFO [train/阶段/运行中] 已耗时=280.22秒；状态=底层计算尚未返回
INFO [train/阶段/运行中] 已耗时=290.23秒；状态=底层计算尚未返回
INFO [train/阶段/运行中] 已耗时=300.23秒；状态=底层计算尚未返回
INFO [train/阶段/运行中] 已耗时=310.24秒；状态=底层计算尚未返回
INFO [train/阶段/运行中] 已耗时=320.25秒；状态=底层计算尚未返回
INFO [train/阶段/运行中] 已耗时=330.26秒；状态=底层计算尚未返回
INFO [train/阶段/运行中] 已耗时=340.26秒；状态=底层计算尚未返回
INFO [train/阶段/运行中] 已耗时=350.27秒；状态=底层计算尚未返回
INFO [train/阶段/运行中] 已耗时=360.28秒；状态=底层计算尚未返回
INFO [train/阶段/运行中] 已耗时=370.29秒；状态=底层计算尚未返回
INFO [train/阶段/运行中] 已耗时=380.30秒；状态=底层计算尚未返回
INFO [train/训练/进度] 轮次=1；更新=789；损失=0.6526546718408702；学习率=2.7474711711212264e-05；耗时=380.89059533306863；峰值内存=2479341568；在线={'surface_pressure': 0.29703256487846375, 'volume_velocity': 0.3556221127510071}
INFO [train/阶段/运行中] 已耗时=390.30秒；状态=底层计算尚未返回
INFO [train/阶段/运行中] 已耗时=400.32秒；状态=底层计算尚未返回
INFO [train/阶段/运行中] 已耗时=410.32秒；状态=底层计算尚未返回
INFO [train/阶段/运行中] 已耗时=420.33秒；状态=底层计算尚未返回
INFO [train/阶段/运行中] 已耗时=430.34秒；状态=底层计算尚未返回
INFO [train/阶段/运行中] 已耗时=440.35秒；状态=底层计算尚未返回
INFO [train/阶段/运行中] 已耗时=450.36秒；状态=底层计算尚未返回
INFO [train/阶段/运行中] 已耗时=460.36秒；状态=底层计算尚未返回
INFO [train/阶段/运行中] 已耗时=470.37秒；状态=底层计算尚未返回
INFO [train/阶段/运行中] 已耗时=480.38秒；状态=底层计算尚未返回
INFO [train/阶段/运行中] 已耗时=490.62秒；状态=底层计算尚未返回
INFO [train/阶段/运行中] 已耗时=500.63秒；状态=底层计算尚未返回
INFO [train/阶段/运行中] 已耗时=510.63秒；状态=底层计算尚未返回
INFO [train/阶段/运行中] 已耗时=520.64秒；状态=底层计算尚未返回
INFO [train/阶段/运行中] 已耗时=530.64秒；状态=底层计算尚未返回
INFO [train/阶段/运行中] 已耗时=540.65秒；状态=底层计算尚未返回
INFO [train/阶段/运行中] 已耗时=550.66秒；状态=底层计算尚未返回
INFO [train/阶段/运行中] 已耗时=560.66秒；状态=底层计算尚未返回
INFO [train/阶段/运行中] 已耗时=570.67秒；状态=底层计算尚未返回
INFO [train/阶段/运行中] 已耗时=580.68秒；状态=底层计算尚未返回
INFO [train/阶段/运行中] 已耗时=590.69秒；状态=底层计算尚未返回
INFO [train/阶段/运行中] 已耗时=600.70秒；状态=底层计算尚未返回
INFO [train/阶段/运行中] 已耗时=610.71秒；状态=底层计算尚未返回
INFO [train/阶段/运行中] 已耗时=620.71秒；状态=底层计算尚未返回
INFO [train/阶段/运行中] 已耗时=630.72秒；状态=底层计算尚未返回
INFO [train/阶段/运行中] 已耗时=640.72秒；状态=底层计算尚未返回
INFO [train/阶段/运行中] 已耗时=650.73秒；状态=底层计算尚未返回
INFO [train/阶段/运行中] 已耗时=660.73秒；状态=底层计算尚未返回
INFO [train/阶段/运行中] 已耗时=670.74秒；状态=底层计算尚未返回
INFO [train/阶段/运行中] 已耗时=680.75秒；状态=底层计算尚未返回
INFO [train/阶段/运行中] 已耗时=690.75秒；状态=底层计算尚未返回
INFO [train/阶段/运行中] 已耗时=700.76秒；状态=底层计算尚未返回
INFO [train/阶段/运行中] 已耗时=710.77秒；状态=底层计算尚未返回
INFO [train/阶段/运行中] 已耗时=720.78秒；状态=底层计算尚未返回
INFO [train/阶段/运行中] 已耗时=730.79秒；状态=底层计算尚未返回
INFO [train/阶段/运行中] 已耗时=740.79秒；状态=底层计算尚未返回
INFO [train/阶段/运行中] 已耗时=750.79秒；状态=底层计算尚未返回
INFO [train/阶段/运行中] 已耗时=760.80秒；状态=底层计算尚未返回
INFO [train/阶段/运行中] 已耗时=770.80秒；状态=底层计算尚未返回
INFO [train/阶段/运行中] 已耗时=780.80秒；状态=底层计算尚未返回
INFO [train/阶段/运行中] 已耗时=790.88秒；状态=底层计算尚未返回
INFO [train/阶段/运行中] 已耗时=800.88秒；状态=底层计算尚未返回
INFO [train/训练/进度] 轮次=2；更新=1578；损失=0.17081467533443967；学习率=1e-06；耗时=411.1892876670463；峰值内存=3487432704；在线={'surface_pressure': 0.09085313230752945, 'volume_velocity': 0.07996154576539993}
INFO [train/阶段/运行中] 已耗时=810.89秒；状态=底层计算尚未返回
INFO [train/阶段/结束] 耗时=814.688秒
INFO [post/阶段/开始] 
INFO [post/阶段/运行中] 已耗时=10.01秒；状态=底层计算尚未返回
INFO [post/阶段/运行中] 已耗时=20.02秒；状态=底层计算尚未返回
INFO [post/阶段/运行中] 已耗时=30.03秒；状态=底层计算尚未返回
INFO [post/阶段/结束] 耗时=38.318秒
INFO [运行/结束] 状态=成功；成功=889；失败=0；未执行=0；耗时=942.940秒
