## 2026-09-06
- 类别: 规则配置
- 场景: AI4E_Dojo 治理基线静态验收
- 错误: `plan-business-alignment.mdc` 设置为非全局规则但未声明文件 glob，frontmatter 验收失败。
- 正确: 该规则约束所有实施计划，应设置 `alwaysApply: true`。
- 状态: 未提炼

## 2026-09-06
- 类别: 仓库目录
- 场景: AI4E_Dojo packages 结构复核
- 错误: 在 `packages/ai4e-*` 下再次创建 `ai4e_*` 同名目录，形成重复检索层级。
- 正确: 每个正式包只保留一层物理目录，Python 导入名由后续构建配置显式映射。
- 状态: 未提炼

## 2026-09-06
- 类别: 上下文入口
- 场景: AI4E_Dojo 仓库治理文档复核
- 错误: 将 `ARCHITECTURE.md` 放入每次必读链路，且 `.context/index.md` 只做包导航，没有承担全仓代码目录索引职责。
- 正确: 每次先读 `.context/index.md` 并下钻模块索引；`ARCHITECTURE.md` 仅在需要设计依据或架构决策时按需读取。
- 状态: 未提炼

## 2026-09-07
- 类别: 测试断言
- 场景: 数据源递归读取集成测试
- 错误: 按文件名期望 `press.npy` 在前，忽略 `read_tree` 按完整路径排序。
- 正确: 断言顺序与 `Path` 排序一致，嵌套 `param0/.../quadpress_smpl.vtk` 排在根下 `press.npy` 之前。
- 状态: 未提炼

## 2026-09-07
- 类别: 仓库目录
- 场景: PRD 按模块分文件
- 错误: 按能力层把「数据源下载与读取」做成顶层目录，并把读取、下载写成两个功能域。
- 正确: 先按一级 package 分文件夹，再按包内一级模块（如 abilities）各一份 PRD；读取与下载是 abilities「数据」章下的功能点。
- 状态: 未提炼

## 2026-09-07
- 类别: 计划规范
- 场景: VTK 家族原生内存读取实施计划
- 错误: 首版计划没有按仓库实施计划骨架组织，也没有完整覆盖 AGENTS、`.context`、PRD、上下游与相关测试。
- 正确: 实施计划按业务描述总结、讨论、实施评审编排，并把治理文档、上下游契约和相关测试纳入同一改动。
- 状态: 未提炼


## 2026-09-07
- 类别: 验收环境
- 场景: Adapter 统一 VTK 返回的相关测试
- 错误: 修改包源码后直接使用旧安装运行测试，导入路径仍指向 site-packages 中的旧 NPY adapter，导致 36 项失败。
- 正确: 核对实际导入路径，重建本地 ai4e-core 安装后再验收修改；本次没有将安装副本失效误判为数据转换缺陷。
- 状态: 未提炼

## 2026-09-07
- 类别: 文档归属
- 场景: 用户复核数据接入的长期文档
- 错误: 把详细使用约定、迁移和设计原因留在 data_onboarding.md，模块 PRD 只补摘要，且部分说明无归属地追加在末尾。
- 正确: 内容归入模块 PRD 六节结构的对应功能点；旧入口只做导航，维护规则明确 PRD 为模块功能长期正文。
- 状态: 未提炼

## 2026-09-07
- 类别: PRD体例
- 场景: 功能点清单与详解对读
- 错误: 清单用无序号的点，详解标题没有编号，两边对不上。
- 正确: 清单与详解共用独立数字编号（`1.` / `1.1`），只在这两节另起，不延续章节标题 1.1–1.6。
- 状态: 未提炼

## 2026-09-07
- 类别: CAE调用
- 场景: 第15–19项泛化评审，合成混合网格复现
- 错误: surface_point_normals 仅按单元数量相等回贴法向；quad/line/quad 经表面过滤后原单元编号变为 [1,0,2]，返回有限但错配的点法向。mesh_signed_distance 对 tetra+quad 放行，最近点落在 tetra 外壳而非显式 quad。
- 正确: 明确支持的表面单元集合并验证全部单元；支持过滤时保留原单元/点编号并按身份回贴，不能用数量相等代替顺序一致。
- 状态: 未提炼

## 2026-09-07
- 类别: 文档路径
- 场景: 几何优化后的本地链接校验
- 错误: 将 aero_cfd README 的三层相对路径误改为四层，导致 PRD 与上下文链接无法解析。
- 正确: 按实际三级目录恢复 ../../../，重新检查链接存在性。
- 状态: 未提炼

## 2026-09-07
- 类别: 跨模块契约
- 场景: 张量落盘与统计量评审的临时数组复现
- 错误: encode_records 无 mask 时接受同点组长度 2/3；单元组同样接受长度 2/3。同组重名记录被字典覆盖，单元组不以 _cell 结尾时被当作独立点场载荷输出。
- 正确: 路由以显式归属为准，编码前验证组内归属、首维和名称唯一性，长度检查不依赖 mask 是否存在。
- 状态: 未提炼

## 2026-09-07
- 类别: 脚本幂等
- 场景: 临时目录中的写出失败注入与对照表校验
- 错误: write_named_tensors 提交前先删除旧目录，模拟 rename 失败后旧结果和目标目录均丢失；两个逻辑名指向同一文件时静默覆盖。单样本 dry-run 接受 ../invalid.pt，实际写出才拒绝。
- 正确: dry-run 与写出共用输出预检，拒绝重复目标名；覆盖提交失败时须保留或恢复旧结果。
- 状态: 未提炼

## 2026-09-07
- 类别: 跨模块契约
- 场景: 前处理业务步骤拆分和最新 run 链路迁移
- 错误: 旧批量入口把样本异常收成计数后返回，runner 仍可标为成功并继续统计；统计重算还从 output.dir 而非实际 root_subdir 扫描。拆分提取时曾丢失错误中的原文件路径，被 test_field_failure_retains_context_and_cause 检出。
- 正确: run 接管批量执行并保留失败步骤和部分结果，统计消费本次实际提交路径；读到提取的上下文显式交接来源路径。
- 状态: 未提炼

## 2026-09-08
- 类别: 跨模块契约
- 场景: Dataset 前处理整链测试
- 错误: 日志装饰器透传字段 name，与事件函数的 name 参数冲突，导致提取失败。
- 正确: 事件名称改为仅位置参数，业务字段作为独立详情透传。
- 状态: 未提炼

## 2026-09-08
- 类别: 验证环境
- 场景: 借用本机 Python 3.12 数值依赖验证前处理
- 错误: VTK 9.6.1 的原生 HDF writer/reader 读回活动标量为空，具名数组仍在，导致两项保留属性测试失败。
- 正确: 保持具名读取语义；VTK 9.7.0 环境的 46 项 source_read 测试已全部通过。
- 状态: 未提炼

## 2026-09-08
- 类别: 验证环境
- 场景: rawprep 目录迁移回归
- 错误: no-sync 测试加载旧安装副本，七个模块收集失败。
- 正确: 从本仓库重新构建安装 workspace 包后再运行相关测试。
- 状态: 未提炼

## 2026-09-08
- 类别: 模型依赖
- 场景: 正式 AB-UPT 安装与验收
- 错误: 图扩展构建未声明 Torch，补充构建依赖后远端元数据 DNS 失败，缓存缺少 einops；真实网络测试失败于缺少 einops。
- 正确: 可选依赖保留在包清单，锁文件与正式网络验收保持未完成；不替换正式骨干。
- 状态: 未提炼

## 2026-09-08
- 类别: 模型依赖
- 场景: 用户要求 uv 重试后改用 pip
- 错误: 前轮仅在官方源失败后停止；贡献包允许 PyG 自动升级到 2.8，与原 AB-UPT 2.6.1 后端要求不符。
- 正确: pip 使用本机镜像安装并编译成功；固定 PyG 2.6.1，更新项目镜像与 uv.lock，仅图扩展关闭构建隔离。正式模型与组件 5 项验收通过。
- 状态: 未提炼

## 2026-09-08
- 类别: 状态管理
- 场景: 训练计划逐项验收补充。
- 错误: 检查点载荷引用可变 state_dict；评估损失按批次平均而非样本数；归一化记录可被外部修改。新增测试另误删已安装包统计资源，引发后续夹具失败。
- 正确: 快照深复制、损失按样本数加权、记录返回独立副本；测试只删除临时统计副本并重装恢复包资源。
- 状态: 未提炼

## 2026-09-08
- 类别: 配置交接
- 场景: 训练验收后的 YAML 核对。
- 错误: train.log_every 有配置但循环未使用。
- 正确: 按轮次间隔记录进度，保留最终轮次；新增日志频率和无张量日志回归。
- 状态: 未提炼

## 2026-09-08
- 类别: 测试覆盖
- 场景: 监督比较方法验收
- 错误: 只测了比较公式和一条平均绝对误差监督项，未从 recipe 配置走到训练步进与评估
- 正确: 案例可按场声明比较方法；四种方法都经 recipe 进入学习目标，再走监督步进、评估和反向
- 状态: 未提炼

## 2026-09-08
- 类别: 训练能力核查
- 场景: 对照 Noether 功能表第 26–64 项进行只读功能评审与临时边界复现。
- 错误: 普通安装运行的源码快照用 ai4e-contrib 路径而实际包为 ai4e_contrib，漏打包 AB-UPT；每轮 3 批、2 轮、累积 2 时调度计划 3 次而实际仅更新 2 次；第 10 轮 latest 含 EMA，第 11 轮被无 EMA 状态覆盖；进度记录异常未尝试保存检查点；stability=true 仅输出 enabled，没有实际稳定性指标。
- 正确: 待修复：按真实安装包定位源码；统一累积尾批策略与调度步数；独立保留最近 EMA；扩展异常收尾范围；计算并记录真实稳定性指标。本轮未修改功能代码。
- 状态: 未提炼

## 2026-09-08
- 类别: 跨模块契约
- 场景: 多域模型准备及真实 recipe 验收
- 错误: 新版配置残留旧 losses 声明，被新接口联合校验拒绝；旧验收文档引用已改名的 EMA 测试节点。
- 正确: 删除旧损失配置，仅保留 supervision；修正历史节点并新增 A1–F3 当前验收导航。
- 状态: 未提炼

## 2026-09-08
- 类别: 状态管理
- 场景: 多样本模型缓存及评估
- 错误: 缓存签名仅检查当前模式，train 后再 eval 可恢复旧签名；相对 L2 在整批计算会改变逐样本平均口径。
- 正确: 进入 train 增加缓存代次；评估逐样本计算监督再平均，增加实际回归测试。
- 状态: 未提炼

## 2026-09-08
- 类别: 数值对齐
- 场景: 实跑官方 ShapeNet-Car 前处理与训练差分。
- 错误: VTK 最近点定位在等距点选择了不同顶点，部分方向差约 2；拆开域投影和整体重置初始化也无法保持官方 Lion 更新轨迹。
- 正确: 使用锁定官方近邻实现，联合投影并按官方顺序局部初始化；完整 889 样本前处理与准备、20 次小网络 Lion 更新分别验证。
- 状态: 未提炼

## 2026-09-08
- 类别: 数值对齐
- 场景: 正式 192 维网络的完整参考训练和逐更新对照。
- 错误: 小网络 20 次更新通过，但正式网络梯度裁剪的参数归约顺序不同，第四次 Lion 更新已有约 5e-6 权重偏差；完整训练差异超出冻结容差。
- 正确: 归一化与域输出头按实际计算模块注册，使梯度裁剪顺序一致；MSE 与 Lion 同时使用参考计算路径，继续正式规模重验。
- 状态: 未提炼

## 2026-09-09
- 类别: 跨模块契约
- 场景: 正式 ShapeNet-Car recipe 全流程与 Noether user_project 独立对照
- 错误: 训练权重一致但 post 采用另一采样流；真实表面导出删除未引用顶点后被原点数门禁误判失败；点云缺少顶点单元及表面原始身份。
- 正确: 独立后处理从同一配置种子开始，分支隔离；按提取后点数验收，保留 VTK 顶点单元、原始 ID 和输入数值类型。
- 状态: 未提炼

## 2026-09-09
- 类别: 原型交互
- 场景: HTML 线框稿从版本树加入版本比较。
- 错误: 浏览器测试发现按钮内联事件中的双引号未转义，点击后未跳转。
- 正确: 按钮生成器对事件属性统一 HTML 转义；重新验证版本树、比较、报告与工作台链路。
- 状态: 未提炼

## 2026-09-09
- 类别: 跨模块契约
- 场景: 用户复制 recipe 修改参数并用 MPS 运行 AB-UPT ShapeNet-Car。
- 错误: 完整网格查询坐标未搬到模型设备；随机隔离和检查点遗漏 MPS 状态；旧旋转强制经 CPU。
- 正确: application 统一查询设备，ability 保护 MPS 随机状态并使用已实测支持的设备内复数旋转。CPU 验收不能替代 MPS；Noether MPS 严格确定性在 scatter_reduce 报错。
- 状态: 未提炼

## 2026-09-09
- 类别: 产品语义
- 场景: 用户审阅平台线框的任务与版本关系。
- 错误: 前版将一个任务设计为可有连续子版本，与用户要求不符。
- 正确: 一个任务对应一个版本，单列来源与基线版本；冻结后修改方案通过 fork 新任务，同步产品稿、架构与线框。
- 状态: 未提炼

## 2026-09-09
- 类别: 原型导航
- 场景: 用户确认侧栏与项目主视区导航边界。
- 错误: 将项目内六个 Tab 移入左侧菜单，混淆全局入口与项目内功能。
- 正确: 侧栏仅保留项目管理和任务工作台，项目六 Tab 恢复到主视区；同步文档与浏览器检查。
- 状态: 未提炼

## 2026-09-09
- 类别: 跨模块契约
- 场景: 框架正确性修正的模型输入与后处理失败注入。
- 错误: 输入校验诊断混合；后处理失败不能完整保留已提交产物及失败操作身份。
- 正确: 分项校验并保留原异常；按操作和样本记录提交进度，由 writer 保存部分摘要，未完成部分不计成功。
- 状态: 未提炼

## 2026-09-09
- 类别: 跨模块契约
- 场景: 对照协议最终核查。
- 错误: 数据指纹未包含外部条件文件内容，同路径替换条件可能漏检。
- 正确: 复用准备阶段的条件文件内容摘要；全局条件和几何条件原地变更用例均通过。
- 状态: 未提炼

## 2026-09-09
- 类别: 跨模块契约
- 场景: task 复制资产与运行闭环验收
- 错误: 初版复制资产后配置仍指向父输入；管理查询无条件依赖受限 ps；失败摘要覆盖了已产生的报告。测试分别核实这些问题。安装副本还存在与源码不同步的 contrib 接口。
- 正确: 更新复制引用、优先核验本进程持有的子进程句柄、保留失败报告；验收显式加载当前源码并另测 wheel。
- 状态: 未提炼

## 2026-09-09
- 类别: 流程设计器
- 场景: Transolver 接入实施计划
- 错误: 初版漏读实施计划 rule，缺 BDD、目录树和逐叶测试映射，被用户纠正。
- 正确: 已按 plan-business-alignment 的总结与实施评审骨架重写。
- 状态: 未提炼

## 2026-09-09
- 类别: 跨模块契约
- 场景: NASA 原始数据身份核验
- 错误: 计划把跨来源的同名样本视为泄漏，实际 44 个测试编号均与训练源重名。
- 正确: 使用来源、分片和样本组合身份，训练验证互斥，测试来源独立。
- 状态: 未提炼

## 2026-09-09
- 类别: 跨模块契约
- 场景: 案例配置收组与 datapre 改名的实施计划
- 错误: 计划只列了 YAML 收组和部分装配文件，没顺着路径解析、另一模型默认注入、对照工具、task 比较条件、准备产物和检查点整条链核对。
- 正确: 改配置树必须同时改加载与 --set、所有模型默认写入、对照/task 选择器；用户配置可拒绝旧格式，冻结声明按业务语义提取，历史产物单独定义能否消费；缺条件不得填空后仍判可比。
- 状态: 未提炼

## 2026-09-09
- 类别: 跨模块契约
- 场景: Transolver 逐点训练的单点跨步采样摘要。
- 错误: 直接对 contiguous 单元素张量作字节视图，保留的非单位步长导致运行失败。
- 正确: 复制到显式单位步长平面缓冲后读取字节，新增摘要类型与跨步回归。
- 状态: 未提炼

## 2026-09-09
- 类别: 验收工具
- 场景: 正式两轮训练额外保留第一轮快照用于恢复对照。
- 错误: 验收观察器向 writer 提交未支持的 epoch 标签，导致训练中止。
- 正确: 原 writer 继续提交正式标签，工具仅复制已提交文件到运行目录外的验收目录；已重新完成正式两轮零差异对照。
- 状态: 未提炼

## 2026-09-09
- 类别: 脚本幂等
- 场景: NASA 前处理复用已完成分块。
- 错误: 完成标记只校验已列出的文件，遗漏文件条目的标记可能误放行。
- 正确: 先校验完整预期文件集合再逐个校验摘要，损坏或缺项时重新保存样本。
- 状态: 未提炼

## 2026-09-09
- 类别: 跨模块契约
- 场景: 五段配置迁移后的原始处理输出预检。
- 错误: 直接把新用户快照交给保存预检，会使原顶层 statistics 读取失效并回到 fit 默认，可能错误拒绝仅测试分片。
- 正确: recipe 提取原业务参数后通过 execute 的显式 settings 交给保存预检；运行器不解释五段字段。仅测试分片加参考统计用例通过。
- 状态: 未提炼

## 2026-09-09
- 类别: 跨模块契约
- 场景: 原始处理脚本改名的独立执行回归。
- 错误: 函数已改为 rawprep，启动登记仍引用 datapre，导致 NameError。
- 正确: 同步案例启动登记、only 阶段和脚本调用；保留库 datapre 方法不变，独立入口及流水线均验收。
- 状态: 未提炼

## 2026-09-10
- 类别: 验收工具
- 场景: 原 Transolver MPS 第一轮检查点恢复。
- 错误: 原入口将 RNG 张量随权重加载到 MPS，再交给 CPU 随机生成器，报 torch.ByteTensor 类型错误；另一次人工复制的 epoch-1 文件实际已经是第二轮。
- 正确: 验收包装仅把 RNG 状态转回 CPU 并披露修正，保持参考仓库只读；校验检查点内部轮次，使用实际第一轮快照重新完成配对恢复。
- 状态: 未提炼

## 2026-09-10
- 类别: 状态管理
- 场景: Transolver 恢复到新运行目录且验证没有改善。
- 错误: 仅恢复 latest 的模型和 best 数值会缺少此前最佳权重；严格选优时历史相等也不能认定最新权重就是最佳。
- 正确: 保存独立选择记录，恢复前核对最佳产物；历史相等按显式选优策略处理，缺少证据时拒绝替代。
- 状态: 未提炼

## 2026-09-10
- 类别: 文档交接
- 场景: 复制汽车与机翼两个示例的使用说明。
- 错误: 汽车 README 误复制机翼依赖和后处理参数。
- 正确: 汽车使用 abupt 依赖及 sample_indices/query 配置，机翼使用 transolver3 依赖及 all_samples 配置，分别核对实际 YAML。
- 状态: 未提炼

## 2026-09-10
- 类别: 验收工具
- 场景: 新增历史相等选优恢复测试。
- 错误: 测试未启用 restore_history 却期待检查点包含历史，导致相等选优分支失败。
- 正确: 用与参考工作流一致的历史记录配置构造真实检查点，再检查相等策略与缺失最佳的失败分支。
- 状态: 未提炼

## 2026-09-10
- 类别: 三层边界
- 场景: 逐点数据准备与后处理最终接口检查。
- 错误: 消费方仍读取具体视图的 manifest/path/chunk_count 属性，超出公开协议。
- 正确: 持久引用、点数、分块与字段从 describe 获取；新增仅公开协议代理视图的准备及遍历测试。
- 状态: 未提炼

## 2026-09-10
- 类别: 跨模块契约
- 场景: NASA 单表面 AB-UPT 正式模型组装
- 错误: 复用了汽车双域的 c 跨域块配置，模型构造拒绝只有一个域。
- 正确: NASA example 显式使用已有单域自注意力块，保留宽度和块数；汽车配置保留跨域块。
- 状态: 未提炼

## 2026-09-10
- 类别: 跨模块契约
- 场景: 共享物理训练数据迭代入口
- 错误: sample_context 传入单个字典，实际接口要求字典列表；真实入口在第一批前失败。
- 正确: 使用包含样本名的身份列表，并增加异常身份回归测试。
- 状态: 未提炼

## 2026-09-10
- 类别: CAE调用
- 场景: NASA 展向截面图像人工检查
- 错误: 最初按全机 Y 包围盒 20/50/80% 切割，50% 落在机身中面，不能表达翼半展长比例。
- 正确: 明确以对称中面至正 Y 翼尖为半展长，使用 20/50/80% 并保留真实切面坐标。
- 状态: 未提炼

## 2026-09-10
- 类别: 报告来源
- 场景: 核对服务器50轮执行手册
- 错误: 比较HTML将训练预算写死为One epoch，其他预算会被误标。
- 正确: 报告说明以源运行产物记录的预算和环境为准。
- 状态: 未提炼

## 2026-09-10
- 类别: 跨模块契约
- 场景: Web 复用现有 task.new_task 创建原样 aero_cfd 模板任务。
- 错误: 模板默认输入 /shared/raw/shapenet_car 不存在，capture_inputs 在创建时抛 FileNotFoundError，无法进入页面绑定输入。
- 正确: 创建时允许未绑定路径；继承资产继续核对，运行 capture_inputs 仍严格检查实际输入。补充创建及执行边界测试。
- 状态: 未提炼

## 2026-09-10
- 类别: 文档导航
- 场景: 编写合并后的 Ability 清单，核对原始明细表位置。
- 错误: 原表已位于 docs/abilities-inventory.md，三个 .context 索引和文档测试仍指向不存在的 .context/abilities-inventory.md。
- 正确: 按现有文件位置更新索引相对路径和测试入口，保留原表内容，联验新旧清单。
- 状态: 未提炼

## 2026-09-10
- 类别: 能力粒度
- 场景: 用户核对合并后的 Ability 清单，指出 train/model/post 的原子能力不明确。
- 错误: v1 将 model 和 train 压成大组，并将有实质计算的模型内部组件与辅助函数一并吸收，五阶段展示粒度不一致。
- 正确: v2 在五阶段主表展开操作、策略、嵌套计算单元和复合流程；保留原始条目映射与大组索引，不把层级展开项相加计数。
- 状态: 未提炼

## 2026-09-10
- 类别: 跨模块契约
- 场景: 平台增加正式运行和试跑标识
- 错误: 将 operation_mode 同时注入 RunContext，既有运行回归报 unexpected keyword argument。
- 正确: 模式只进入 task 管理记录，不擅自改变 core RunContext 契约。
- 状态: 未提炼

## 2026-09-10
- 类别: 文档覆盖
- 场景: 为五类 Ability 简表联验原始明细表。
- 错误: 源码覆盖测试发现原表未登记当前新增的 Zarr 读写、模型结构跟踪、MinMax 变换与场差值四个实现模块。
- 正确: 保留原编号，补录 A090–A093 及归并映射，简表同步相关能力；六项文档检查通过。
- 状态: 未提炼

## 2026-09-10
- 类别: 跨模块契约
- 场景: 四组合新提取数据进入共享物理工作流的真实验收。
- 错误: ShapeNet prepare_physical 原样返回 anchor 前处理的 manifest 字典，共享 trainprep 将其当作文件路径，实际执行失败。
- 正确: 数据集公开门面返回已发布 manifest 路径及输出摘要，保持旧 anchor 内部返回不变；新分组 PT 已通过准备。
- 状态: 未提炼

## 2026-09-10
- 类别: 跨模块契约
- 场景: 验收 NASA 多输出实际预测清单的来源身份。
- 错误: 新增输出成员循环使用 name 覆盖样本变量，source.sample 被写成输出名称；样本行身份本身未变。
- 正确: 输出名称使用独立变量，真实验收增加 source.sample 与 sample 一致性断言，并重跑两个 NASA 组合。
- 状态: 未提炼

## 2026-09-10
- 类别: 跨模块契约
- 场景: 真实共享物理工作流后处理页面验收。
- 错误: 平台只读取旧 summary.reports.post.evaluation，遗漏新 physical-predictions.json 中已成功交付的指标，页面显示暂无指标。
- 正确: task 公共指标门面读取实际物理报告，前端保留域与字段名称并显示报告中现有 mse、mae、relative_l2；新增文件读取回归。
- 状态: 未提炼

## 2026-09-10
- 类别: 跨模块契约
- 场景: 四组平台后处理产物接入三维查看器
- 错误: 共享物理 post 忽略 export_vtk=true，仅写预测 PT 却未交付真实网格。
- 正确: 开关接入原拓扑回贴和独立 mesh 进度，导出真实 VTP/VTU；旧短训结果不计作网格验收。
- 状态: 未提炼

## 2026-09-10
- 类别: 跨模块契约
- 场景: 平台逐阶段真实执行原始处理。
- 错误: submit_run 默认捕获全部输入，原始处理被尚未生成的训练 manifest 阻塞。
- 正确: task 增加明确阶段输入子集，服务按选定阶段传递；默认调用仍严格捕获全部声明输入。
- 状态: 未提炼

## 2026-09-10
- 类别: JSON契约
- 场景: 成功真实训练运行详情返回 HTTP 错误。
- 错误: 未执行评价时真实训练记录 best 为 Infinity，标准 JSON 响应无法序列化。
- 正确: 服务传输将非有限值映射 null，保留原始算法文件与运行成功事实，SSE 同步处理。
- 状态: 未提炼

## 2026-09-10
- 类别: 跨模块契约
- 场景: NASA 实际训练、测试与拓扑文件分布在两个目录。
- 错误: 单数据根加固定文件名无法表达已有数据来源。
- 正确: 提供受控三文件独立绑定、创建缺件定位及带修订的 dataset 保存，不要求移动数据。
- 状态: 未提炼

## 2026-09-10
- 类别: 跨模块契约
- 场景: 旧任务没有显式 components，阶段配置页无法加载。
- 错误: describe_case 失败使保存配置读取一并失败。
- 正确: task 使用可信案例 provider；服务保留原配置编辑并单独提示能力错误，完整检查异常落日志。
- 状态: 未提炼

## 2026-09-10
- 类别: 状态管理
- 场景: 真实模型结构浏览器截图检查。
- 错误: 模型及准备设置页默认选任务最新运行，显示了无关 post 日志。
- 正确: 研究运行按真实阶段过滤；模型页只显示检查操作结果，不挂无关研究日志，并增加浏览器来源断言。
- 状态: 未提炼

## 2026-09-10
- 类别: 状态管理
- 场景: 固定比较恢复与迟到响应审查。
- 错误: 打开保存比较只替换结果未同步对象选择；旧比较响应可覆盖新选择。
- 正确: 保存记录同步模式、左右对象与参数，选择变化作废旧请求代次；比较中禁止保存，真实响应延迟测试验证结果不会漂移。
- 状态: 未提炼

## 2026-09-10
- 类别: 状态管理
- 场景: 无 trace 的连续浏览器验收在快速保存后等待操作按钮超时。
- 错误: Ant Design 加载图标离场动画残留零宽透明节点，真实请求已成功且 busy 已清除，但 loading 装饰名称继续进入按钮可访问名称；带 trace 的慢速执行掩盖该问题。
- 正确: 业务 ActionButton 使用显式 aria-busy、原生 disabled 和 aria-hidden 的独立加载图标，加载结束直接移除图标；以真实响应延迟和连续快速保存验证状态恢复。
- 状态: 未提炼

## 2026-09-10
- 类别: 验收范围
- 场景: 用户打开交付链接后指出项目首页与整合原型不同，项目和任务工作台没有明确进入路径。
- 错误: 首页仍是简化Card，工作台入口是占位页；18项验收使用深链接绕开首页进入链，阶段面板尺寸通过被过早当作平台整体交付。
- 正确: 恢复原型首页结构和可点击导航，明确进入项目与任务的操作；自动化从首页逐步点击并对照首页布局，保留阶段验收与首页验收的范围区别。
- 状态: 未提炼

## 2026-09-10
- 类别: 跨模块契约
- 场景: 用户指出新建任务冗长且ShapeNet-Car数据源不明确。
- 错误: NASA文件控件无条件出现，ShapeNet目录缺少创建后绑定接口；单根选择协议无法交接NASA多根文件，任务表进度行另加100px缩进。
- 正确: 简洁创建后在工作台按案例绑定，使用受控引用贯通真实检查执行；任务表按整合原型逐项测量。
- 状态: 未提炼

## 2026-09-11
- 类别: 状态管理
- 场景: 原始处理已绑定且已选文件，处理设置未保存。
- 错误: dirty 直接禁用执行、试跑和读样本目录，黄条要求先保存。
- 正确: 绑定有效且已选文件即可执行；未保存则提交前先写修订，不另拦主按钮。
- 状态: 未提炼
