...................................................EE...EEEE.....EE.E.E. [ 48%]
....F.......................................................ss.......... [ 97%]
....                                                                     [100%]
==================================== ERRORS ====================================
___________ ERROR at setup of test_register_visible_to_other_project ___________
file /Users/zonghui/work/new_code_project/AI4E_Dojo/tests/integration/test_web_processed_datasets.py, line 19
  def test_register_visible_to_other_project(binding_platform):
E       fixture 'binding_platform' not found
>       available fixtures: anyio_backend, anyio_backend_name, anyio_backend_options, cache, capfd, capfdbinary, caplog, capsys, capsysbinary, capteesys, doctest_namespace, free_tcp_port, free_tcp_port_factory, free_udp_port, free_udp_port_factory, hf_isolated_home, monkeypatch, pytestconfig, record_property, record_testsuite_property, record_xml_attribute, recwarn, shapenet_raw, subtests, tmp_path, tmp_path_factory, tmpdir, tmpdir_factory
>       use 'pytest --fixtures [testpath]' for help on them.

/Users/zonghui/work/new_code_project/AI4E_Dojo/tests/integration/test_web_processed_datasets.py:19
___ ERROR at setup of test_stage_inputs_keep_platform_name_not_run_duplicate ___
file /Users/zonghui/work/new_code_project/AI4E_Dojo/tests/integration/test_web_processed_datasets.py, line 56
  def test_stage_inputs_keep_platform_name_not_run_duplicate(binding_platform, monkeypatch):
E       fixture 'binding_platform' not found
>       available fixtures: anyio_backend, anyio_backend_name, anyio_backend_options, cache, capfd, capfdbinary, caplog, capsys, capsysbinary, capteesys, doctest_namespace, free_tcp_port, free_tcp_port_factory, free_udp_port, free_udp_port_factory, hf_isolated_home, monkeypatch, pytestconfig, record_property, record_testsuite_property, record_xml_attribute, recwarn, shapenet_raw, subtests, tmp_path, tmp_path_factory, tmpdir, tmpdir_factory
>       use 'pytest --fixtures [testpath]' for help on them.

/Users/zonghui/work/new_code_project/AI4E_Dojo/tests/integration/test_web_processed_datasets.py:56
_______ ERROR at setup of test_stage_inputs_platform_names_newest_first ________
file /Users/zonghui/work/new_code_project/AI4E_Dojo/tests/integration/test_web_processed_datasets.py, line 163
  def test_stage_inputs_platform_names_newest_first(binding_platform):
E       fixture 'binding_platform' not found
>       available fixtures: anyio_backend, anyio_backend_name, anyio_backend_options, cache, capfd, capfdbinary, caplog, capsys, capsysbinary, capteesys, doctest_namespace, free_tcp_port, free_tcp_port_factory, free_udp_port, free_udp_port_factory, hf_isolated_home, monkeypatch, pytestconfig, record_property, record_testsuite_property, record_xml_attribute, recwarn, shapenet_raw, subtests, tmp_path, tmp_path_factory, tmpdir, tmpdir_factory
>       use 'pytest --fixtures [testpath]' for help on them.

/Users/zonghui/work/new_code_project/AI4E_Dojo/tests/integration/test_web_processed_datasets.py:163
___ ERROR at setup of test_describe_does_not_treat_dataset_id_as_saved_name ____
file /Users/zonghui/work/new_code_project/AI4E_Dojo/tests/integration/test_web_processed_datasets.py, line 206
  def test_describe_does_not_treat_dataset_id_as_saved_name(binding_platform):
E       fixture 'binding_platform' not found
>       available fixtures: anyio_backend, anyio_backend_name, anyio_backend_options, cache, capfd, capfdbinary, caplog, capsys, capsysbinary, capteesys, doctest_namespace, free_tcp_port, free_tcp_port_factory, free_udp_port, free_udp_port_factory, hf_isolated_home, monkeypatch, pytestconfig, record_property, record_testsuite_property, record_xml_attribute, recwarn, shapenet_raw, subtests, tmp_path, tmp_path_factory, tmpdir, tmpdir_factory
>       use 'pytest --fixtures [testpath]' for help on them.

/Users/zonghui/work/new_code_project/AI4E_Dojo/tests/integration/test_web_processed_datasets.py:206
______________ ERROR at setup of test_empty_name_rejects_execute _______________
file /Users/zonghui/work/new_code_project/AI4E_Dojo/tests/integration/test_web_processed_datasets.py, line 214
  def test_empty_name_rejects_execute(binding_platform):
E       fixture 'binding_platform' not found
>       available fixtures: anyio_backend, anyio_backend_name, anyio_backend_options, cache, capfd, capfdbinary, caplog, capsys, capsysbinary, capteesys, doctest_namespace, free_tcp_port, free_tcp_port_factory, free_udp_port, free_udp_port_factory, hf_isolated_home, monkeypatch, pytestconfig, record_property, record_testsuite_property, record_xml_attribute, recwarn, shapenet_raw, subtests, tmp_path, tmp_path_factory, tmpdir, tmpdir_factory
>       use 'pytest --fixtures [testpath]' for help on them.

/Users/zonghui/work/new_code_project/AI4E_Dojo/tests/integration/test_web_processed_datasets.py:214
______________ ERROR at setup of test_saved_name_passes_name_gate ______________
file /Users/zonghui/work/new_code_project/AI4E_Dojo/tests/integration/test_web_processed_datasets.py, line 233
  def test_saved_name_passes_name_gate(binding_platform):
E       fixture 'binding_platform' not found
>       available fixtures: anyio_backend, anyio_backend_name, anyio_backend_options, cache, capfd, capfdbinary, caplog, capsys, capsysbinary, capteesys, doctest_namespace, free_tcp_port, free_tcp_port_factory, free_udp_port, free_udp_port_factory, hf_isolated_home, monkeypatch, pytestconfig, record_property, record_testsuite_property, record_xml_attribute, recwarn, shapenet_raw, subtests, tmp_path, tmp_path_factory, tmpdir, tmpdir_factory
>       use 'pytest --fixtures [testpath]' for help on them.

/Users/zonghui/work/new_code_project/AI4E_Dojo/tests/integration/test_web_processed_datasets.py:233
_____________ ERROR at setup of test_name_conflict_rejects_execute _____________
file /Users/zonghui/work/new_code_project/AI4E_Dojo/tests/integration/test_web_processed_datasets.py, line 452
  def test_name_conflict_rejects_execute(binding_platform):
E       fixture 'binding_platform' not found
>       available fixtures: anyio_backend, anyio_backend_name, anyio_backend_options, cache, capfd, capfdbinary, caplog, capsys, capsysbinary, capteesys, doctest_namespace, free_tcp_port, free_tcp_port_factory, free_udp_port, free_udp_port_factory, hf_isolated_home, monkeypatch, pytestconfig, record_property, record_testsuite_property, record_xml_attribute, recwarn, shapenet_raw, subtests, tmp_path, tmp_path_factory, tmpdir, tmpdir_factory
>       use 'pytest --fixtures [testpath]' for help on them.

/Users/zonghui/work/new_code_project/AI4E_Dojo/tests/integration/test_web_processed_datasets.py:452
__ ERROR at setup of test_other_project_registry_does_not_reserve_local_name ___
file /Users/zonghui/work/new_code_project/AI4E_Dojo/tests/integration/test_web_processed_datasets.py, line 504
  def test_other_project_registry_does_not_reserve_local_name(binding_platform):
E       fixture 'binding_platform' not found
>       available fixtures: anyio_backend, anyio_backend_name, anyio_backend_options, cache, capfd, capfdbinary, caplog, capsys, capsysbinary, capteesys, doctest_namespace, free_tcp_port, free_tcp_port_factory, free_udp_port, free_udp_port_factory, hf_isolated_home, monkeypatch, pytestconfig, record_property, record_testsuite_property, record_xml_attribute, recwarn, shapenet_raw, subtests, tmp_path, tmp_path_factory, tmpdir, tmpdir_factory
>       use 'pytest --fixtures [testpath]' for help on them.

/Users/zonghui/work/new_code_project/AI4E_Dojo/tests/integration/test_web_processed_datasets.py:504
________ ERROR at setup of test_unavailable_dataset_cannot_be_selected _________
file /Users/zonghui/work/new_code_project/AI4E_Dojo/tests/integration/test_web_processed_datasets.py, line 567
  def test_unavailable_dataset_cannot_be_selected(binding_platform):
E       fixture 'binding_platform' not found
>       available fixtures: anyio_backend, anyio_backend_name, anyio_backend_options, cache, capfd, capfdbinary, caplog, capsys, capsysbinary, capteesys, doctest_namespace, free_tcp_port, free_tcp_port_factory, free_udp_port, free_udp_port_factory, hf_isolated_home, monkeypatch, pytestconfig, record_property, record_testsuite_property, record_xml_attribute, recwarn, shapenet_raw, subtests, tmp_path, tmp_path_factory, tmpdir, tmpdir_factory
>       use 'pytest --fixtures [testpath]' for help on them.

/Users/zonghui/work/new_code_project/AI4E_Dojo/tests/integration/test_web_processed_datasets.py:567
_ ERROR at setup of test_task_offline_shared_publication_and_cross_project_names _
file /Users/zonghui/work/new_code_project/AI4E_Dojo/tests/integration/test_web_processed_datasets.py, line 605
  def test_task_offline_shared_publication_and_cross_project_names(binding_platform, tmp_path):
E       fixture 'binding_platform' not found
>       available fixtures: anyio_backend, anyio_backend_name, anyio_backend_options, cache, capfd, capfdbinary, caplog, capsys, capsysbinary, capteesys, doctest_namespace, free_tcp_port, free_tcp_port_factory, free_udp_port, free_udp_port_factory, hf_isolated_home, monkeypatch, pytestconfig, record_property, record_testsuite_property, record_xml_attribute, recwarn, shapenet_raw, subtests, tmp_path, tmp_path_factory, tmpdir, tmpdir_factory
>       use 'pytest --fixtures [testpath]' for help on them.

/Users/zonghui/work/new_code_project/AI4E_Dojo/tests/integration/test_web_processed_datasets.py:605
=================================== FAILURES ===================================
____________ test_stage_editor_preserves_existing_recipe_extensions ____________

platform = (<starlette.testclient.TestClient object at 0x163af6f30>, '760d7f7fb0a84a35827c876cac557314', {'id': '9c839da30a724831...4/hryn27sx61b7y785lvj4pkqc0000gn/T/pytest-of-zonghui/pytest-313/test_stage_editor_preserves_ex0/raw')], web_dist=None))

    def test_stage_editor_preserves_existing_recipe_extensions(platform):
        """标准工作台局部保存保留未编辑的用户参数与字段列表。"""
        import ai4e_task as task
    
        client, project, item, _, _ = platform
        base = client.app.state.services.project(project)
        current = task.read_configuration(base, item["id"])
        extension = {
            "inputs": {"velocity": "volume.velocity"},
            "outputs": {
                "speed": {
                    "name": "volume_speed",
                    "entity_like": "volume.velocity",
                    "components": 1,
                    "unit_from": "volume.velocity",
                    "state": "physical",
                }
            },
        }
        value = task.save_configuration(
            base,
            item["id"],
            {
                "rawprep": {
                    "speed": extension,
                    "save_fields": current["config"]["rawprep"]["save_fields"] + ["volume_speed"],
                }
            },
            revision=current["revision"],
        )
        url = f"/api/v1/projects/{project}/tasks/{item['id']}/configuration"
        response = client.put(
            url,
            json={
                "expected_revision": value["revision"],
                "stage": "train",
                "values": {"learning_rate": 0.0003},
            },
        )
        assert response.status_code == 200, response.text
        saved = task.read_configuration(base, item["id"])
        response = client.put(
            url,
            json={
                "expected_revision": saved["revision"],
                "stage": "rawprep",
                "values": {"vtkhdf": True},
            },
        )
        assert response.status_code == 200, response.text
        saved = task.read_configuration(base, item["id"])["config"]
>       assert saved["rawprep"]["speed"] == extension
               ^^^^^^^^^^^^^^^^^^^^^^^^^
E       KeyError: 'speed'

tests/integration/test_web_recipe_compatibility.py:104: KeyError
=============================== warnings summary ===============================
.venv/lib/python3.12/site-packages/fastapi/testclient.py:1
  /Users/zonghui/work/new_code_project/AI4E_Dojo/.venv/lib/python3.12/site-packages/fastapi/testclient.py:1: StarletteDeprecationWarning: Using `httpx` with `starlette.testclient` is deprecated; install `httpx2` instead.
    from starlette.testclient import TestClient as TestClient  # noqa

.venv/lib/python3.12/site-packages/starlette/testclient.py:53
  /Users/zonghui/work/new_code_project/AI4E_Dojo/.venv/lib/python3.12/site-packages/starlette/testclient.py:53: DeprecationWarning: The anyio.abc.BlockingPortal alias is deprecated, use anyio.from_thread.BlockingPortal instead.
    _PortalFactoryType = Callable[[], AbstractContextManager[anyio.abc.BlockingPortal]]

-- Docs: https://docs.pytest.org/en/stable/how-to/capture-warnings.html
=========================== short test summary info ============================
FAILED tests/integration/test_web_recipe_compatibility.py::test_stage_editor_preserves_existing_recipe_extensions
ERROR tests/integration/test_web_processed_datasets.py::test_register_visible_to_other_project
ERROR tests/integration/test_web_processed_datasets.py::test_stage_inputs_keep_platform_name_not_run_duplicate
ERROR tests/integration/test_web_processed_datasets.py::test_stage_inputs_platform_names_newest_first
ERROR tests/integration/test_web_processed_datasets.py::test_describe_does_not_treat_dataset_id_as_saved_name
ERROR tests/integration/test_web_processed_datasets.py::test_empty_name_rejects_execute
ERROR tests/integration/test_web_processed_datasets.py::test_saved_name_passes_name_gate
ERROR tests/integration/test_web_processed_datasets.py::test_name_conflict_rejects_execute
ERROR tests/integration/test_web_processed_datasets.py::test_other_project_registry_does_not_reserve_local_name
ERROR tests/integration/test_web_processed_datasets.py::test_unavailable_dataset_cannot_be_selected
ERROR tests/integration/test_web_processed_datasets.py::test_task_offline_shared_publication_and_cross_project_names
1 failed, 135 passed, 2 skipped, 2 warnings, 10 errors in 582.50s (0:09:42)
