.................F.                                                      [100%]
=================================== FAILURES ===================================
________ test_legacy_method_switch_keeps_new_explicit_custom_parameters ________
tests/integration/test_web_configuration_composition.py:166: in test_legacy_method_switch_keeps_new_explicit_custom_parameters
    assert result["trainprep"]["normalization"]["fields"]["p"] == custom
E   AssertionError: assert {'method': 'custom'} == {'method': 'c...{'factor': 2}}
E     
E     Omitting 1 identical items, use -vv to show
E     Right contains 2 more items:
E     {'parameters': {'factor': 2}, 'target': 'research.normalize'}
E     Use -v to get more diff
=============================== warnings summary ===============================
.venv/lib/python3.12/site-packages/fastapi/testclient.py:1
  /Users/zonghui/work/new_code_project/AI4E_Dojo/.venv/lib/python3.12/site-packages/fastapi/testclient.py:1: StarletteDeprecationWarning: Using `httpx` with `starlette.testclient` is deprecated; install `httpx2` instead.
    from starlette.testclient import TestClient as TestClient  # noqa

.venv/lib/python3.12/site-packages/starlette/testclient.py:53
  /Users/zonghui/work/new_code_project/AI4E_Dojo/.venv/lib/python3.12/site-packages/starlette/testclient.py:53: DeprecationWarning: The anyio.abc.BlockingPortal alias is deprecated, use anyio.from_thread.BlockingPortal instead.
    _PortalFactoryType = Callable[[], AbstractContextManager[anyio.abc.BlockingPortal]]

-- Docs: https://docs.pytest.org/en/stable/how-to/capture-warnings.html
=========================== short test summary info ============================
FAILED tests/integration/test_web_configuration_composition.py::test_legacy_method_switch_keeps_new_explicit_custom_parameters
1 failed, 18 passed, 2 warnings in 2.70s
