
> ai4e-web@0.1.0 test:e2e
> playwright test shared-datasets.spec.ts


Running 3 tests using 1 worker

  ✓  1 e2e/shared-datasets.spec.ts:3:35 › 共享覆盖取消及单次确认 已有名称 (1.2s)
  ✓  2 e2e/shared-datasets.spec.ts:3:35 › 共享覆盖取消及单次确认 提交时冲突 (1.3s)
  ✘  3 e2e/shared-datasets.spec.ts:33:1 › 真实服务离线共享可见与文件浏览 (5.4s)


  1) e2e/shared-datasets.spec.ts:33:1 › 真实服务离线共享可见与文件浏览 ────────────────────────────────────────────

    Error: expect(locator).toHaveCount(expected) failed

    Locator:  locator('.ant-select-item-option').filter({ hasText: 'shapenet_car4' })
    Expected: 1
    Received: 0
    Timeout:  5000ms

    Call log:
      - Expect "toHaveCount" locator('.ant-select-item-option').filter({ hasText: 'shapenet_car4' }) with timeout 5000ms
      - waiting for locator('.ant-select-item-option').filter({ hasText: 'shapenet_car4' })
        14 × locator resolved to 0 elements
           - unexpected value "0"


      40 |   await page.getByRole('tab',{name:'处理结果',exact:true}).click();
      41 |   const select=page.getByRole('combobox',{name:'平台数据集',exact:true});await select.click();
    > 42 |   const option=page.locator('.ant-select-item-option').filter({hasText:'shapenet_car4'});await expect(option).toHaveCount(1);await option.click();
         |                                                                                                               ^
      43 |   await expect(page.getByRole('button',{name:'train',exact:true})).toBeVisible();
      44 |   await page.getByRole('button',{name:'train',exact:true}).click();
      45 |   await expect(page.getByRole('button',{name:'param1',exact:true})).toBeVisible();
        at /Users/zonghui/work/new_code_project/AI4E_Dojo/packages/ai4e-web/e2e/shared-datasets.spec.ts:42:111

    attachment #1: screenshot (image/png) ──────────────────────────────────────────────────────────
    test-results/shared-datasets-真实服务离线共享可见与文件浏览/test-failed-1.png
    ────────────────────────────────────────────────────────────────────────────────────────────────

    Error Context: test-results/shared-datasets-真实服务离线共享可见与文件浏览/error-context.md

  1 failed
    e2e/shared-datasets.spec.ts:33:1 › 真实服务离线共享可见与文件浏览 ─────────────────────────────────────────────
  2 passed (8.8s)
