
> ai4e-web@0.1.0 test:e2e
> playwright test e2e/stage-consistency.spec.ts


Running 12 tests using 1 worker

  ✓   1 e2e/stage-consistency.spec.ts:3:1 › 阶段检查先保存，冲突不提交，响应丢失重用请求键 (883ms)
  ✓   2 e2e/stage-consistency.spec.ts:21:1 › 浏览后处理不勾选前序步骤，已选输入按selected恢复 (762ms)
  ✓   3 e2e/stage-consistency.spec.ts:38:1 › 平台数据集同一清单只选一条，按登记时间倒序且不与历史项联动 (865ms)
  ✓   4 e2e/stage-consistency.spec.ts:63:1 › 数据准备字段按模型角色下拉匹配并标出张量形状不符 (570ms)
  ✓   5 e2e/stage-consistency.spec.ts:85:1 › 数据准备分片显示原人数且数量之和须等于全部样本 (591ms)
  ✓   6 e2e/stage-consistency.spec.ts:113:1 › 已完成步骤为绿当前为蓝，失效清单用人话，准备日志完整 (625ms)
  ✓   7 e2e/stage-consistency.spec.ts:140:1 › 数据准备有正式清单时提示先选，不自动勾最新 (605ms)
  ✓   8 e2e/stage-consistency.spec.ts:166:1 › 数据准备树表列与再执行清进度日志叠加 (774ms)
  ✘   9 e2e/stage-consistency.spec.ts:211:1 › 训练设置只选已准备数据集即可开训，提交不含准备步骤 (2.0m)
  ✓  10 e2e/stage-consistency.spec.ts:264:1 › 训练设置开始训练后进入运行页只监控 (1.1s)
  ✓  11 e2e/stage-consistency.spec.ts:291:1 › 未改训练参数点保存后下一步仍打勾 (597ms)
  ✓  12 e2e/stage-consistency.spec.ts:316:1 › 保存训练设置后步骤打勾，刷新仍按已保存事实恢复 (826ms)


  1) e2e/stage-consistency.spec.ts:211:1 › 训练设置只选已准备数据集即可开训，提交不含准备步骤 ───────────────────────────────

    Test timeout of 120000ms exceeded.

    Error: locator.click: Test timeout of 120000ms exceeded.
    Call log:
      - waiting for getByRole('combobox', { name: '检查点' })
        - locator resolved to <input disabled readonly value="" type="search" role="combobox" aria-label="检查点" unselectable="on" autocomplete="off" aria-expanded="false" aria-haspopup="listbox" aria-autocomplete="list" aria-owns="undefined_list" aria-controls="undefined_list" class="ant-select-selection-search-input"/>
      - attempting click action
        2 × waiting for element to be visible, enabled and stable
          - element is not enabled
        - retrying click action
        - waiting 20ms
        2 × waiting for element to be visible, enabled and stable
          - element is not enabled
        - retrying click action
          - waiting 100ms
        230 × waiting for element to be visible, enabled and stable
            - element is not enabled
          - retrying click action
            - waiting 500ms


      240 |  await expect(page.getByRole('button',{name:'开始训练'})).toBeDisabled();
      241 |  await expect(page.getByText('请先选择检查点',{exact:true})).toBeVisible();
    > 242 |  await page.getByRole('combobox',{name:'检查点'}).click();
          |                                                ^
      243 |  await page.locator('.ant-select-item-option').filter({hasText:'oldtrain / latest.pt'}).click();
      244 |  await expect(page.getByRole('button',{name:'开始训练'})).toBeEnabled();
      245 |  await page.getByRole('radio',{name:'重新开始'}).click();
        at /Users/zonghui/work/new_code_project/AI4E_Dojo/packages/ai4e-web/e2e/stage-consistency.spec.ts:242:48

    attachment #1: screenshot (image/png) ──────────────────────────────────────────────────────────
    test-results/stage-consistency-训练设置只选已准备数据集即可开训，提交不含准备步骤/test-failed-1.png
    ────────────────────────────────────────────────────────────────────────────────────────────────

    Error Context: test-results/stage-consistency-训练设置只选已准备数据集即可开训，提交不含准备步骤/error-context.md

  1 failed
    e2e/stage-consistency.spec.ts:211:1 › 训练设置只选已准备数据集即可开训，提交不含准备步骤 ────────────────────────────────
  11 passed (2.2m)
