...s............F...........F............                                [100%]
=================================== FAILURES ===================================
__________ test_history_recipe_without_components_can_bind_directory ___________

binding_platform = (<starlette.testclient.TestClient object at 0x14c743f50>, '/api/v1/projects/045cd0f74be34658963d36557a2712c8', PosixPa...4/hryn27sx61b7y785lvj4pkqc0000gn/T/pytest-of-zonghui/pytest-487/test_history_recipe_without_co0/raw')], web_dist=None))

    def test_history_recipe_without_components_can_bind_directory(binding_platform):
        client, base, _, settings = binding_platform
        created = client.post(base + "/tasks", json={"name": "history recipe"})
        assert created.status_code == 200, created.text
        task = created.json()
        matches = list(settings.root.rglob("tasks/" + task["id"] + "/recipe/config.yaml"))
        assert len(matches) == 1
        config = matches[0]
        from omegaconf import OmegaConf
    
        cfg = OmegaConf.load(config)
        assert "components" in cfg
        del cfg["components"]
        OmegaConf.save(cfg, config)
        assert "components" not in OmegaConf.load(config)
        url = base + "/tasks/" + task["id"] + "/dataset"
        initial = client.get(url)
>       assert initial.status_code == 200, initial.text
E       AssertionError: {"detail":"operation_unavailable: inspect","error":{"code":"operation_unavailable","location":"inspect","message":"operation_unavailable: inspect","request_id":"b04e5324139a4e518b6d8d1521e4a18a"}}
E       assert 400 == 200
E        +  where 400 = <Response [400 Bad Request]>.status_code

tests/integration/test_web_dataset_binding.py:167: AssertionError
_________________ test_preserve_configuration_and_task_record __________________

tmp_path = PosixPath('/private/var/folders/c4/hryn27sx61b7y785lvj4pkqc0000gn/T/pytest-of-zonghui/pytest-487/test_preserve_configuration_an0')

    def test_preserve_configuration_and_task_record(tmp_path):
        p = tmp_path / "p"
        task.create_project(p)
        t = task.new_task(p, "name", source=recipe(tmp_path))
        cfg = task.read_configuration(p, t["id"])
        saved = task.save_configuration(p, t["id"], {"score": 9}, revision=cfg["revision"])
>       assert saved["config"]["dataset"] == cfg["config"]["dataset"]
               ^^^^^^^^^^^^^^^^^^^^^^^^^^
E       KeyError: 'dataset'

tests/integration/test_task_configuration.py:18: KeyError
=============================== warnings summary ===============================
.venv/lib/python3.12/site-packages/fastapi/testclient.py:1
  /Users/zonghui/work/new_code_project/AI4E_Dojo/.venv/lib/python3.12/site-packages/fastapi/testclient.py:1: StarletteDeprecationWarning: Using `httpx` with `starlette.testclient` is deprecated; install `httpx2` instead.
    from starlette.testclient import TestClient as TestClient  # noqa

.venv/lib/python3.12/site-packages/starlette/testclient.py:53
  /Users/zonghui/work/new_code_project/AI4E_Dojo/.venv/lib/python3.12/site-packages/starlette/testclient.py:53: DeprecationWarning: The anyio.abc.BlockingPortal alias is deprecated, use anyio.from_thread.BlockingPortal instead.
    _PortalFactoryType = Callable[[], AbstractContextManager[anyio.abc.BlockingPortal]]

-- Docs: https://docs.pytest.org/en/stable/how-to/capture-warnings.html
=========================== short test summary info ============================
FAILED tests/integration/test_web_dataset_binding.py::test_history_recipe_without_components_can_bind_directory
FAILED tests/integration/test_task_configuration.py::test_preserve_configuration_and_task_record
2 failed, 38 passed, 1 skipped, 2 warnings in 416.99s (0:06:56)
