# AI4E_Vis 错误记录

# 格式：日期 | 模块/链路 | 现象 | 根因 | 修复 | 验证。禁止记录密钥、用户数据和大段堆栈。

2026-08-29 | 后端测试入口 | 从仓库根执行 `pytest backend/tests` 时 16 个模块在收集阶段无法导入 | Python 模块根是 `backend/`，命令未按 CI 工作目录执行 | 文档统一要求先进入 `backend/` 再运行 pytest | 正确入口复验 `82 passed, 1 skipped`
2026-08-29 | 文档索引审计命令 | `rg` 模式中的反引号被 zsh 当作命令替换，产生 `INDEX.md: command not found` | shell 参数转义不安全 | 改用单引号包裹纯正则并重新执行 | 成功定位仅剩的旧 `INDEX.md` 引用
2026-08-29 | 数据资产页 → API → SQLite | 页面实时服务状态正常但资产总数为 0 | 8091 被重构前 `api_app.py` 占用，该进程打开 `backend/state/ai4e_vis.sqlite3`；真正 `var/db` 完整保存 56 个资产 | 在线备份旧库、通过报告 Repository 合并两条报告、停止旧进程并切换 `server.api`；启动器新增入口/运行布局校验 | API 返回 `server.api/var-v1` 与 56 个资产；浏览器显示 56/56；相关组合测试 58 passed
2026-08-29 | 报告编排素材库 → Visualization | 报告内容无法引用以前保存的可视化结果 | 活跃旧库有 0 个 `artifact_visualizations`，而统一 `var/db` 有 38 个 | 与数据资产一起切换统一运行库；用报告 Repository 保留旧进程新增报告 | API 与浏览器均显示 38 个可视化结果，既有报告冻结引用重新可见
2026-08-29 | 应用壳 → 报告中心导航 | 报告页面显示 11 条，但侧边栏徽标仍显示 6 | `App.jsx` 在全局导航硬编码业务数量 | 删除硬编码徽标，真实计数由 reportManage 页面展示 | 新增前端契约测试并在浏览器复核
2026-08-29 | 前端报告导航契约测试 | 精确按“报告中心”查询链接时测试失败 | Ant Design 图标文本参与无障碍名称，且应用同时渲染桌面端“报告中心”和移动端“报告”链接 | 改为按两种导航名称匹配，并逐项断言不存在硬编码数量 | 架构检查通过、12项测试通过、生产构建成功；浏览器确认徽标已消失
2026-08-29 | 数据资产与visDatasets模块边界 | 数据恢复后确认资产生命周期仍混在visDatasets，无法独立拆分 | 早期十二模块定义把资产登记和数据内容查看合并 | 新增dataAssets一级模块接管资产表、上传、页面和文件；visDatasets收窄为解析、画像与体检 | 跨模块组合58项、后端最终全量89项通过；前端架构、13项测试和生产构建通过
2026-08-29 | 最终SQLite与模块注册验收命令 | 首次查询`user_reports`报表不存在，并从仓库根导入`server`失败 | 真实表名是`reports`，Python模块根是`backend/` | 先读取`sqlite_master`确认Schema，再从backend工作目录执行模块注册检查 | integrity=ok；reports表7条，API组合后11条；注册表13个模块
2026-08-29 | 浏览器报告编排验收 | 报告编排页同时包含应用main和文档画布main，严格定位发生多匹配 | 页面存在两个语义正确的main区域 | 将验收定位限定为第一个应用main，再继续读取素材库与报告引用 | 56/56资产、11个上传、38个编排素材及三条冻结引用全部可见
2026-08-29 | Excel功能49二维散点图测试 | 首次把三维点集案例CASE-POINT-SET误当成二维散点图，Renderer断言失败 | 该案例由Trame显示三维点集，二维散点实际由ECharts优化候选案例承载 | 测试改用CASE-OPTIMIZATION并继续校验真实数据与echarts-svg绑定 | 专项测试复验通过
2026-08-29 | Excel功能48二维表格E2E | 直接对Perspective自定义元素做可见性断言时命中其Shadow DOM内部隐藏实例 | Perspective会创建多个内部元素，元素可见性不是用户可读表格的稳定证据 | 改为断言真实可访问数据表及point_id、pressure_kpa列头 | 桌面端专项E2E复验通过
2026-08-29 | Excel功能32移动端时序E2E | Trame工具栏的“下一帧”按钮位于390px iframe可视区外，直接点击和元素scrollIntoView均失败 | 外层页面与iframe的移动端宽度约束使按钮不能由Playwright直接触达，方向键滑块替代操作仍可用 | 桌面端继续点击下一帧按钮；移动端改测聚焦滑块后ArrowRight，并在功能矩阵记录按钮限制 | 移动端专项E2E通过，按钮限制保留为partial
2026-08-29 | 后端全量回归/维护计划测试 | 沙箱内全量测试为106通过、1失败、1跳过，maintenance子进程无法只读打开backend/state旧SQLite | SQLite只读查询仍需要在数据库目录创建锁/临时状态，当前仓库对普通沙箱调用不可写 | 保持维护脚本非破坏语义不变，在获批仓库写权限环境复跑全量测试 | 107 passed，1 skipped
2026-08-29 | 前端Vitest启动 | 普通沙箱无法写node_modules/.vite-temp，Vitest在收集前EPERM退出 | Vite必须生成临时配置模块，仓库对普通沙箱调用不可写 | 在获批仓库写权限环境复跑，不修改业务代码规避正常缓存机制 | 13 passed
2026-08-29 | Excel报告管理完整E2E | 桌面和移动项目共用隔离服务后，同名测试报告及副本累计，移动端精确单元素断言发生3项匹配 | 专项单独运行时数据库为空掩盖了跨项目数据累计，业务查询本身正确 | 报告标题加入项目名，并用本次创建的report_id定位唯一行 | 完整E2E 31 passed，1 skipped
2026-08-29 | 便携清单只读校验 | 从仓库根调用`.venv/bin/python`时命令不存在 | Python虚拟环境实际位于`backend/.venv`，校验命令遗漏`backend/`前缀 | 改用`backend/.venv/bin/python backend/scripts/create_portable_bundle.py --check-only` | 校验结果`ok=true`，未发现机器依赖目录
2026-08-29 | 总体架构文档导航 | 提交前链接审计发现多个入口仍指向不存在的`docs/migration/PLAN.md` | 总体计划已移动为`docs/architecture/architecture.md`，引用和门禁未同步 | 统一修正AGENTS、Context、PRD变更记录、迁移README及架构测试中的目标路径 | 架构测试和Markdown相对链接门禁复验通过
2026-08-29 | README与AGENTS入口审计命令 | 合并命令中的反引号破坏zsh双引号，命令在执行测试前报`unmatched quote` | 搜索模式混用了shell双引号与Markdown反引号 | 将文本搜索改为安全单引号并分别执行审计与测试 | AGENTS单入口、断链和架构门禁复验通过
2026-08-29 | README架构门禁 | 新增README测试未找到连续文本`var/db/ai4e_vis.sqlite3` | README目录树将`var/`与`db/ai4e_vis.sqlite3`分行展示，语义正确但精确门禁不可识别 | 在持久化说明中补充完整数据库相对路径，保留目录树 | 后端架构测试复验通过

2026-09-14 三维对象工作台浏览器修复：宿主→Vis→Trame 生命周期回调携带状态参数，刷新回调未接收导致就绪后退出；改为接收状态并在刷新成功后发布会话。Trame 裸地址身份在对象销毁/新建时被复用，客户端出现 LookupTable.setMapper 和错误相机；本地序列化改为随 native 对象生命周期稳定且不复用的身份，相机与 renderer 有界保留。坐标轴投影补齐、Probe 几何注记和时间文字进入真实渲染。静止 WebGL 没有媒体首帧导致录制等待，原视角重绘后启动。验证：本地/远程浏览器鼠标隔离、保存重开、MP4/WebM 解码及 VTK 回归；证据见 phys-workbench-acceptance。

2026-09-14 | 本地相机与 Probe 标签 | 标准视图切换后服务器和浏览器朝向不同，小视口标签被裁切 | vtk.js 场景同步仅初始化相机一次，标签未约束投影范围 | 显式按层和视口同步相机，场景加载后重放；标签世界几何按视口缩放定位，引线保持采样锚点 | 本地相机一致性浏览器断言、长标签投影范围测试和导出验证。

2026-09-14 | 真实 CFD Probe 重开与导出 | 已保存 Probe 字段列表为空、点数为 0；CSV 按钮进入后仍默认 PNG | Probe 自身没有网格，元信息未回溯输入；导出事件未区分明确 CSV 操作 | Probe 始终读取输入元信息，增加受允许的 export_csv 事件，由共享 React 弹窗预选 CSV | 真实 ShapeNet/NASA 浏览器回归覆盖重新打开、字段列表与 CSV 数值下载。

2026-09-14 | NASA CRM 大模型恢复相机与输出 | 分屏/PNG 出现机翼被截断和 Probe 标签缺失；CSV 标量被包为列表文本 | 设置保存相机后保留了重置前的裁剪范围，单分量采样列表未解包 | 依据可见网格重算裁剪面并同步本地渲染，联动采用合并边界；CSV 标量解包为数值 | 远距相机真实 VTK 用例、浏览器包围盒裁剪断言和真实 CSV 数值复核。

## 2026-09-15
- 类别: Trame状态契约
- 场景: 独立真实体场与Dojo原始处理实际预览的显隐诊断。
- 错误: controller.visible → set_layer_visibility → _sync_tree_visible 使用state.get抛TypeError，后续view.update未调用；字典状态替身测试未覆盖真实API。切片begin还存在草稿手柄未同步。
- 正确: 诊断已复现、修复待实施。计划先修真实状态读写和同步，再优化重复工作；证据见Dojo物理工作台验收记录与trame-response-diagnosis-20260915外部证据目录。
- 状态: 未提炼

2026-09-15 | 三维工作台响应修复 | 显隐已改 actor 但树状态读取抛异常，未推送浏览器；首次切面草稿无手柄 | 真实 Trame State 不支持 dict.get，旧字典测试漏检；草稿禁推全部视口 | 改用状态属性、整条显隐用例回滚与明确错误；首次草稿同步，父子/来源不联动；画像和着色缓存、局部样式更新、普通移动门禁 | 真实 State、实际 Web 双层 iframe 持续点击与保存重开；结果见 Dojo .context/mvp/phys-workbench-acceptance.md。
2026-09-15 | 平面拖动后立即输入 | 最终拖动坐标晚到，覆盖刚输入的原点 | 坐标输入与尚未提交完的拖动同时开放 | 拖动提交结束前禁用坐标输入，松开提交最新位置；非法法向先校验新手柄再替换，失败保留旧手柄并显示错误 | 真实 iframe 拖动后立即输入并应用；零法向失败恢复回归，不以脚本直接调用 VTK 代替。

2026-09-16 三维八项修复：新对象显示操作在draft阶段直接返回，创建命令未带显示声明，已以失败用例复现；删除走全场景apply导致父级mapper重建，已以身份不变用例复现。平面内部误命中、单旋转环轴角错误、向量等值结果重新求模及缺少预览已核对源码。修改为对象级提交/删除、六手柄唯一命中、生成标量复用及临时附件。视觉检查发现窗口resize重排注记层移除了手柄，已补恢复。相关测试和真实浏览器结果见根专项验收；不把所有父级变化或白屏现象归因为未复现的数据污染。

2026-09-16 宿主空场景追加根因：真实双层iframe删除后layer0 renderer列表为空；Trame官方renderer_serializer仅有相机依赖时返回None，并丢失旧资产移除调用。自定义适配保留空渲染器、背景、相机与依赖移除；新增真实序列化测试，宿主浏览器作为最终验收。球体种子使用全局随机状态会造成预览与积分起点不同，改为每个点源独立固定序列并验证逐点相等。

2026-09-16 多视口拖动审查：各 tracker 共用全局拖动标记且均监听 window，非发起者可能先消费移动/释放。增加实例归属标记，新增两个 tracker 的事件回归；局部销毁不得中断其他视口拖动。宿主删除对话框测试改为检查实际确认按钮关闭，Vuetify 常驻 role=dialog 外壳不代表弹窗仍打开。

2026-09-16 种子视觉复核：本地截图中体网格遮住内部种子轮廓，按钮已开启但预览不可辨；候选几何与采样点改用注记层，resize后恢复。圈定预览附件归属测试及本地/远程真实截图复测。

2026-09-16 着色输入链路：属性/顶部 → display → Scene.update_display → VTK mapper → Trame。ShallowCopy只复制映射设置，不替换输入连接，导致色标改变而模型仍用旧数据；保留mapper身份并显式SetInputData。先复现输入缺少__vis_scalar，修复后检查实际数组和中央模型像素。新增控件实机检查发现重复色标区，已删除重复区；多色标保留间隔和稳定顺序。删除残影独立根因尚未确认，以空场景浏览器及已有删除清理回归为依据，不宣称缓存根因已复现。

2026-09-17 正式接入：两轮源码及隔离包已修复，但正式 force-include 安装副本未更新，旧安装六项定向回归失败。用户本轮授权后仅更新 ai4e-viz 并回收正式旧 Vis；100 文件摘要一致、63 安装专项通过，5173 返回新版 JS/CSS，正式 CFD 会话着色/范围/色标/删除/背景接口通过。正式浏览器逐项像素复验尚未完成，见根 phys-workbench-acceptance.md。
